Microchip MPLAB XC8 Compiler V1.42 ()

Linker command line:

-W-3 --edf=C:\Program Files (x86)\Microchip\xc8\v1.42\dat\en_msgs.txt -cs \
  -h+dist/default/production\R18_dashboard.X.production.sym \
  --cmf=dist/default/production\R18_dashboard.X.production.cmf -z \
  -Q18F46K80 -oC:\Users\FSAE\AppData\Local\Temp\s1t8.2 \
  -Mdist/default/production/R18_dashboard.X.production.map -E1 -ver=XC8 \
  -ASTACK=0ADh-0e40h -pstack=STACK -ACODE=00h-0FFFFh -ACONST=00h-0FFFFh \
  -ASMALLCONST=0F00h-0FFFhx241 -AMEDIUMCONST=0F00h-0FFFFh -ACOMRAM=01h-05Fh \
  -AABS1=00h-0E40h -ABIGRAM=01h-0E40h \
  -ARAM=060h-0FFh,0100h-01FFhx13,0E00h-0E40h -ABANK0=060h-0FFh \
  -ABANK1=0100h-01FFh -ABANK2=0200h-02FFh -ABANK3=0300h-03FFh \
  -ABANK4=0400h-04FFh -ABANK5=0500h-05FFh -ABANK6=0600h-06FFh \
  -ABANK7=0700h-07FFh -ABANK8=0800h-08FFh -ABANK9=0900h-09FFh \
  -ABANK10=0A00h-0AFFh -ABANK11=0B00h-0BFFh -ABANK12=0C00h-0CFFh \
  -ABANK13=0D00h-0DFFh -ABANK14=0E00h-0E40h \
  -ASFR=0E41h-0EFFh,0F00h-0F5Fh,0F60h-0FFFh \
  -preset_vec=00h,intcode=08h,intcodelo,powerup,init -pramtop=0F00h \
  -psmallconst=SMALLCONST -pmediumconst=MEDIUMCONST -pconst=CONST \
  -AFARRAM=00h-00h -ACONFIG=0300000h-030000Dh -pconfig=CONFIG \
  -AIDLOC=0200000h-0200007h -pidloc=IDLOC -AEEDATA=0F00000h-0F003FFh \
  -peeprom_data=EEDATA \
  -prdata=COMRAM,nvrram=COMRAM,nvbit=COMRAM,rbss=COMRAM,rbit=COMRAM \
  -pfarbss=FARRAM,fardata=FARRAM,nvFARRAM=FARRAM \
  -pintsave_regs=BIGRAM,bigbss=BIGRAM,bigdata=BIGRAM -pbss=RAM \
  -pidata=CODE,irdata=CODE,ibigdata=CODE,ifardata=CODE -prparam=COMRAM \
  C:\Users\FSAE\AppData\Local\Temp\s1t8.obj \
  dist/default/production\R18_dashboard.X.production.obj 

Object code version is 3.11

Machine type is 18F46K80

Call graph: (short form)




                Name                               Link     Load   Length Selector   Space Scale
C:\Users\FSAE\AppData\Local\Temp\s1t8.obj
                init                                 8A       8A        4        4       0
                reset_vec                             0        0        4        0       0
                idloc                            200000   200000        8   200000       0
                config                           300000   300000        E   300000       0
dist/default/production\R18_dashboard.X.production.obj
                intcode                               8        8       82        4       0
                temp                                 4C       4C        1        1       1
                smallconst                          F00      F00       76      780       0
                text50                             6662     6662        8      7BB       0
                text49                             6672     6672        2      7BB       0
                text48                             6550     6550       28      7BB       0
                text46                             572A     572A      148      7BB       0
                text45                             60B4     60B4       86      7BB       0
                text44                             53A2     53A2      22A      7BB       0
                text43                             6630     6630       10      7BB       0
                text42                             65EE     65EE       1A      7BB       0
                text41                             62A6     62A6       50      7BB       0
                text40                             6434     6434       3C      7BB       0
                text39                             61BE     61BE       78      7BB       0
                text38                             651A     651A       36      7BB       0
                text37                             5108     5108      29A      7BB       0
                text36                             5B50     5B50       E6      7BB       0
                text35                             666E     666E        4      7BB       0
                text34                             661E     661E       12      7BB       0
                text33                             6470     6470       3A      7BB       0
                text32                             6640     6640        E      7BB       0
                text31                             6658     6658        A      7BB       0
                text30                             666A     666A        4      7BB       0
                text29                             63F8     63F8       3C      7BB       0
                text28                             65D4     65D4       1A      7BB       0
                text27                             664E     664E        A      7BB       0
                text26                             5EE2     5EE2       AE      7BB       0
                text25                             64E2     64E2       38      7BB       0
                text24                             613A     613A       84      7BB       0
                text23                             6236     6236       70      7BB       0
                text22                             659E     659E       1C      7BB       0
                text21                             64AA     64AA       38      7BB       0
                text20                             637A     637A       40      7BB       0
                text19                             6026     6026       8E      7BB       0
                text18                             4B68     4B68      2E6      7BB       0
                text17                             6338     6338       42      7BB       0
                text16                             4E4E     4E4E      2BA      7BB       0
                text15                             4220     4220      4EA      7BB       0
                text14                             339E     339E      E82      7BB       0
                text13                             55CC     55CC      15E      7BB       0
                text12                             596A     596A       F4      7BB       0
                text11                             5A5E     5A5E       F2      7BB       0
                text10                             5DFE     5DFE       E4      7BB       0
                text9                              6578     6578       26      7BB       0
                text8                               F76      F76     14E4      7BB       0
                text7                              5D1A     5D1A       E4      7BB       0
                text6                              63BA     63BA       3E      7BB       0
                text5                              5C36     5C36       E4      7BB       0
                text4                              5872     5872       F8      7BB       0
                text3                              5F90     5F90       96      7BB       0
                text2                              245A     245A      F44      7BB       0
                text1                              65BA     65BA       1A      7BB       0
                text0                              470A     470A      45E      7BB       0
                cstackCOMRAM                          1        1       43        1       1
                cstackBANK0                          60       60       28       60       1
                dataBANK0                            88       88       16       60       1
                bssBANK0                             9E       9E        F       60       1
                bssCOMRAM                            44       44        8        1       1
                cinit                              62F6     62F6       42      7BB       0
                idataBANK0                         6608     6608       16      7BB       0

TOTAL           Name                               Link     Load   Length     Space
        CLASS   STACK          

        CLASS   CODE           
                intcode                               8        8       82         0
                init                                 8A       8A        4         0
                reset_vec                             0        0        4         0
                text50                             6662     6662        8         0
                text49                             6672     6672        2         0
                text48                             6550     6550       28         0
                text46                             572A     572A      148         0
                text45                             60B4     60B4       86         0
                text44                             53A2     53A2      22A         0
                text43                             6630     6630       10         0
                text42                             65EE     65EE       1A         0
                text41                             62A6     62A6       50         0
                text40                             6434     6434       3C         0
                text39                             61BE     61BE       78         0
                text38                             651A     651A       36         0
                text37                             5108     5108      29A         0
                text36                             5B50     5B50       E6         0
                text35                             666E     666E        4         0
                text34                             661E     661E       12         0
                text33                             6470     6470       3A         0
                text32                             6640     6640        E         0
                text31                             6658     6658        A         0
                text30                             666A     666A        4         0
                text29                             63F8     63F8       3C         0
                text28                             65D4     65D4       1A         0
                text27                             664E     664E        A         0
                text26                             5EE2     5EE2       AE         0
                text25                             64E2     64E2       38         0
                text24                             613A     613A       84         0
                text23                             6236     6236       70         0
                text22                             659E     659E       1C         0
                text21                             64AA     64AA       38         0
                text20                             637A     637A       40         0
                text19                             6026     6026       8E         0
                text18                             4B68     4B68      2E6         0
                text17                             6338     6338       42         0
                text16                             4E4E     4E4E      2BA         0
                text15                             4220     4220      4EA         0
                text14                             339E     339E      E82         0
                text13                             55CC     55CC      15E         0
                text12                             596A     596A       F4         0
                text11                             5A5E     5A5E       F2         0
                text10                             5DFE     5DFE       E4         0
                text9                              6578     6578       26         0
                text8                               F76      F76     14E4         0
                text7                              5D1A     5D1A       E4         0
                text6                              63BA     63BA       3E         0
                text5                              5C36     5C36       E4         0
                text4                              5872     5872       F8         0
                text3                              5F90     5F90       96         0
                text2                              245A     245A      F44         0
                text1                              65BA     65BA       1A         0
                text0                              470A     470A      45E         0
                cinit                              62F6     62F6       42         0
                idataBANK0                         6608     6608       16         0

        CLASS   CONST          

        CLASS   SMALLCONST     
                smallconst                          F00      F00       76         0

        CLASS   MEDIUMCONST    

        CLASS   COMRAM         
                temp                                 4C       4C        1         1
                cstackCOMRAM                          1        1       43         1
                bssCOMRAM                            44       44        8         1

        CLASS   ABS1           

        CLASS   BIGRAM         

        CLASS   RAM            

        CLASS   BANK0          
                cstackBANK0                          60       60       28         1
                dataBANK0                            88       88       16         1
                bssBANK0                             9E       9E        F         1

        CLASS   BANK1          

        CLASS   BANK2          

        CLASS   BANK3          

        CLASS   BANK4          

        CLASS   BANK5          

        CLASS   BANK6          

        CLASS   BANK7          

        CLASS   BANK8          

        CLASS   BANK9          

        CLASS   BANK10         

        CLASS   BANK11         

        CLASS   BANK12         

        CLASS   BANK13         

        CLASS   BANK14         

        CLASS   SFR            

        CLASS   FARRAM         

        CLASS   CONFIG         
                config                           300000   300000        E         0

        CLASS   IDLOC          
                idloc                            200000   200000        8         0

        CLASS   EEDATA         



SEGMENTS        Name                           Load    Length   Top    Selector   Space  Class

                reset_vec                      000000  000004  000004         0       0  CODE    
                cstackCOMRAM                   000001  00004C  00004D         1       1  COMRAM  
                intcode                        000008  000086  00008E         4       0  CODE    
                cstackBANK0                    000060  00004D  0000AD        60       1  BANK0   
                smallconst                     000F00  000076  000F76       780       0  SMALLCON
                text8                          000F76  0056FE  006674       7BB       0  CODE    
                idloc                          200000  000008  200008    200000       0  IDLOC   
                config                         300000  00000E  30000E    300000       0  CONFIG  


UNUSED ADDRESS RANGES

        Name                Unused          Largest block    Delta
        BANK0            0000AD-0000FF               53
        BANK1            000100-0001FF              100
        BANK10           000A00-000AFF              100
        BANK11           000B00-000BFF              100
        BANK12           000C00-000CFF              100
        BANK13           000D00-000DFF              100
        BANK14           000E00-000E40               41
        BANK2            000200-0002FF              100
        BANK3            000300-0003FF              100
        BANK4            000400-0004FF              100
        BANK5            000500-0005FF              100
        BANK6            000600-0006FF              100
        BANK7            000700-0007FF              100
        BANK8            000800-0008FF              100
        BANK9            000900-0009FF              100
        BIGRAM           00004D-00005F               13
                         0000AD-000E40              D94
        CODE             000004-000007                4
                         00008E-000EFF              E72
                         006674-00FFFF             998C
        COMRAM           00004D-00005F               13
        CONST            000004-000007                4
                         00008E-000EFF              E72
                         006674-00FFFF             998C
        EEDATA           F00000-F003FF              400
        MEDIUMCONST      006674-00FFFF             998C
        RAM              0000AD-000E40              100
        SFR              000E41-000FFF               BF
        SMALLCONST       006674-00FFFF              100
        STACK            0000AD-000E40              D94

                                  Symbol Table

?___awdiv                                          cstackCOMRAM 00000F
?___awmod                                          cstackCOMRAM 000017
?___awtoft                                         cstackCOMRAM 000017
?___ftpack                                         cstackCOMRAM 00000F
?___fttol                                          cstackCOMRAM 00000F
?___wmul                                           cstackCOMRAM 00000F
?_convertReg2ExtendedCANid                         cstackCOMRAM 00000F
?_convertReg2StandardCANid                         cstackCOMRAM 00000F
?_rd16                                             cstackCOMRAM 000010
?_strlen                                           cstackCOMRAM 00000F
CAN_receive@returnValue                            cstackCOMRAM 000024
CAN_receive@tempCanMsg                             cstackCOMRAM 000022
SPI_Exchange8bit@data                              cstackCOMRAM 00000F
TMR1_SetInterruptHandler@InterruptHandler          cstackCOMRAM 00000F
_ANCON0                                            (abs)        000F5D
_ANCON1                                            (abs)        000F5C
_BRGCON1                                           (abs)        000E43
_BRGCON2                                           (abs)        000E44
_BRGCON3                                           (abs)        000E45
_CANCON                                            (abs)        000F6F
_CANSTAT                                           (abs)        000F6E
_CAN_receive                                       text44       0053A2
_CIOCONbits                                        (abs)        000F70
_COMSTATbits                                       (abs)        000F71
_ECANCON                                           (abs)        000F72
_ECAN_Initialize                                   text36       005B50
_FT800_Init                                        text37       005108
_INTCONbits                                        (abs)        000FF2
_INTERRUPT_Initialize                              text35       00666E
_INTERRUPT_InterruptManager                        intcode      000008
_LATA                                              (abs)        000F89
_LATAbits                                          (abs)        000F89
_LATB                                              (abs)        000F8A
_LATBbits                                          (abs)        000F8A
_LATC                                              (abs)        000F8B
_LATCbits                                          (abs)        000F8B
_LATD                                              (abs)        000F8C
_LATDbits                                          (abs)        000F8C
_LATE                                              (abs)        000F8D
_OSCCON                                            (abs)        000FD3
_OSCCON2                                           (abs)        000FD2
_OSCILLATOR_Initialize                             text34       00661E
_OSCTUNE                                           (abs)        000F9B
_PIE1bits                                          (abs)        000F9D
_PIE5bits                                          (abs)        000F76
_PIN_MANAGER_Initialize                            text33       006470
_PIR1bits                                          (abs)        000F9E
_PIR5bits                                          (abs)        000F77
_RCONbits                                          (abs)        000FD0
_REFOCON                                           (abs)        000F9A
_RXB0CONbits                                       (abs)        000F60
_RXB0D0                                            (abs)        000F66
_RXB0D1                                            (abs)        000F67
_RXB0D2                                            (abs)        000F68
_RXB0D3                                            (abs)        000F69
_RXB0D4                                            (abs)        000F6A
_RXB0D5                                            (abs)        000F6B
_RXB0D6                                            (abs)        000F6C
_RXB0D7                                            (abs)        000F6D
_RXB0DLC                                           (abs)        000F65
_RXB0EIDH                                          (abs)        000F63
_RXB0EIDL                                          (abs)        000F64
_RXB0SIDH                                          (abs)        000F61
_RXB0SIDL                                          (abs)        000F62
_RXB1CONbits                                       (abs)        000F30
_RXB1D0                                            (abs)        000F36
_RXB1D1                                            (abs)        000F37
_RXB1D2                                            (abs)        000F38
_RXB1D3                                            (abs)        000F39
_RXB1D4                                            (abs)        000F3A
_RXB1D5                                            (abs)        000F3B
_RXB1D6                                            (abs)        000F3C
_RXB1D7                                            (abs)        000F3D
_RXB1DLC                                           (abs)        000F35
_RXB1EIDH                                          (abs)        000F33
_RXB1EIDL                                          (abs)        000F34
_RXB1SIDH                                          (abs)        000F31
_RXB1SIDL                                          (abs)        000F32
_RXF0EIDH                                          (abs)        000EE2
_RXF0EIDL                                          (abs)        000EE3
_RXF0SIDH                                          (abs)        000EE0
_RXF0SIDL                                          (abs)        000EE1
_RXF1EIDH                                          (abs)        000EE6
_RXF1EIDL                                          (abs)        000EE7
_RXF1SIDH                                          (abs)        000EE4
_RXF1SIDL                                          (abs)        000EE5
_RXF2EIDH                                          (abs)        000EEA
_RXF2EIDL                                          (abs)        000EEB
_RXF2SIDH                                          (abs)        000EE8
_RXF2SIDL                                          (abs)        000EE9
_RXF3EIDH                                          (abs)        000EEE
_RXF3EIDL                                          (abs)        000EEF
_RXF3SIDH                                          (abs)        000EEC
_RXF3SIDL                                          (abs)        000EED
_RXF4EIDH                                          (abs)        000EF2
_RXF4EIDL                                          (abs)        000EF3
_RXF4SIDH                                          (abs)        000EF0
_RXF4SIDL                                          (abs)        000EF1
_RXF5EIDH                                          (abs)        000EF6
_RXF5EIDL                                          (abs)        000EF7
_RXF5SIDH                                          (abs)        000EF4
_RXF5SIDL                                          (abs)        000EF5
_RXM0EIDH                                          (abs)        000EFA
_RXM0EIDL                                          (abs)        000EFB
_RXM0SIDH                                          (abs)        000EF8
_RXM0SIDL                                          (abs)        000EF9
_RXM1EIDH                                          (abs)        000EFE
_RXM1EIDL                                          (abs)        000EFF
_RXM1SIDH                                          (abs)        000EFC
_RXM1SIDL                                          (abs)        000EFD
_SPI_Exchange8bit                                  text43       006630
_SPI_Initialize                                    text32       006640
_SSPADD                                            (abs)        000FC8
_SSPBUF                                            (abs)        000FC9
_SSPCON1                                           (abs)        000FC6
_SSPCON1bits                                       (abs)        000FC6
_SSPSTAT                                           (abs)        000FC7
_SSPSTATbits                                       (abs)        000FC7
_SYSTEM_Initialize                                 text28       0065D4
_T1CON                                             (abs)        000FCD
_T1CONbits                                         (abs)        000FCD
_T1GCON                                            (abs)        000FAA
_T1GCONbits                                        (abs)        000FAA
_TMR1H                                             (abs)        000FCF
_TMR1L                                             (abs)        000FCE
_TMR1_DefaultInterruptHandler                      text49       006672
_TMR1_ISR                                          text48       006550
_TMR1_Initialize                                   text29       0063F8
_TMR1_InterruptHandler                             bssCOMRAM    000044
_TMR1_Reload                                       text27       00664E
_TMR1_SetInterruptHandler                          text31       006658
_TMR1_StartTimer                                   text30       00666A
_TRISA                                             (abs)        000F92
_TRISB                                             (abs)        000F93
_TRISC                                             (abs)        000F94
_TRISD                                             (abs)        000F95
_TRISE                                             (abs)        000F96
_TXB0CONbits                                       (abs)        000F20
_TXB0D0                                            (abs)        000F26
_TXB0D1                                            (abs)        000F27
_TXB0D2                                            (abs)        000F28
_TXB0D3                                            (abs)        000F29
_TXB0D4                                            (abs)        000F2A
_TXB0D5                                            (abs)        000F2B
_TXB0D6                                            (abs)        000F2C
_TXB0D7                                            (abs)        000F2D
_TXB0DLC                                           (abs)        000F25
_TXB0EIDH                                          (abs)        000F23
_TXB0EIDL                                          (abs)        000F24
_TXB0SIDH                                          (abs)        000F21
_TXB0SIDL                                          (abs)        000F22
_TXB1CONbits                                       (abs)        000F10
_TXB1D0                                            (abs)        000F16
_TXB1D1                                            (abs)        000F17
_TXB1D2                                            (abs)        000F18
_TXB1D3                                            (abs)        000F19
_TXB1D4                                            (abs)        000F1A
_TXB1D5                                            (abs)        000F1B
_TXB1D6                                            (abs)        000F1C
_TXB1D7                                            (abs)        000F1D
_TXB1DLC                                           (abs)        000F15
_TXB1EIDH                                          (abs)        000F13
_TXB1EIDL                                          (abs)        000F14
_TXB1SIDH                                          (abs)        000F11
_TXB1SIDL                                          (abs)        000F12
_TXB2CONbits                                       (abs)        000F00
_TXB2D0                                            (abs)        000F06
_TXB2D1                                            (abs)        000F07
_TXB2D2                                            (abs)        000F08
_TXB2D3                                            (abs)        000F09
_TXB2D4                                            (abs)        000F0A
_TXB2D5                                            (abs)        000F0B
_TXB2D6                                            (abs)        000F0C
_TXB2D7                                            (abs)        000F0D
_TXB2DLC                                           (abs)        000F05
_TXB2EIDH                                          (abs)        000F03
_TXB2EIDL                                          (abs)        000F04
_TXB2SIDH                                          (abs)        000F01
_TXB2SIDL                                          (abs)        000F02
_WPUB                                              (abs)        000F5B
__CFG_BBSIZ$BB2K                                   (abs)        000000
__CFG_BOREN$SBORDIS                                (abs)        000000
__CFG_BORPWR$ZPBORMV                               (abs)        000000
__CFG_BORV$3                                       (abs)        000000
__CFG_CANMX$PORTB                                  (abs)        000000
__CFG_CP0$OFF                                      (abs)        000000
__CFG_CP1$OFF                                      (abs)        000000
__CFG_CP2$OFF                                      (abs)        000000
__CFG_CP3$OFF                                      (abs)        000000
__CFG_CPB$OFF                                      (abs)        000000
__CFG_CPD$OFF                                      (abs)        000000
__CFG_EBTR0$OFF                                    (abs)        000000
__CFG_EBTR1$OFF                                    (abs)        000000
__CFG_EBTR2$OFF                                    (abs)        000000
__CFG_EBTR3$OFF                                    (abs)        000000
__CFG_EBTRB$OFF                                    (abs)        000000
__CFG_FCMEN$OFF                                    (abs)        000000
__CFG_FOSC$HS2                                     (abs)        000000
__CFG_IESO$OFF                                     (abs)        000000
__CFG_INTOSCSEL$HIGH                               (abs)        000000
__CFG_MCLRE$ON                                     (abs)        000000
__CFG_MSSPMSK$MSK7                                 (abs)        000000
__CFG_PLLCFG$ON                                    (abs)        000000
__CFG_PWRTEN$OFF                                   (abs)        000000
__CFG_RETEN$OFF                                    (abs)        000000
__CFG_SOSCSEL$DIG                                  (abs)        000000
__CFG_STVREN$ON                                    (abs)        000000
__CFG_WDTEN$OFF                                    (abs)        000000
__CFG_WDTPS$1048576                                (abs)        000000
__CFG_WRT0$OFF                                     (abs)        000000
__CFG_WRT1$OFF                                     (abs)        000000
__CFG_WRT2$OFF                                     (abs)        000000
__CFG_WRT3$OFF                                     (abs)        000000
__CFG_WRTB$OFF                                     (abs)        000000
__CFG_WRTC$OFF                                     (abs)        000000
__CFG_WRTD$OFF                                     (abs)        000000
__CFG_XINST$OFF                                    (abs)        000000
__HRAM                                             (abs)        000000
__Habs1                                            abs1         000000
__Hbank0                                           bank0        000000
__Hbank1                                           bank1        000000
__Hbank10                                          bank10       000000
__Hbank11                                          bank11       000000
__Hbank12                                          bank12       000000
__Hbank13                                          bank13       000000
__Hbank14                                          bank14       000000
__Hbank2                                           bank2        000000
__Hbank3                                           bank3        000000
__Hbank4                                           bank4        000000
__Hbank5                                           bank5        000000
__Hbank6                                           bank6        000000
__Hbank7                                           bank7        000000
__Hbank8                                           bank8        000000
__Hbank9                                           bank9        000000
__Hbigbss                                          bigbss       000000
__Hbigdata                                         bigdata      000000
__Hbigram                                          bigram       000000
__Hbss                                             bss          000000
__HbssBANK0                                        bssBANK0     000000
__HbssCOMRAM                                       bssCOMRAM    000000
__Hcinit                                           cinit        000000
__Hclrtext                                         clrtext      000000
__Hcomram                                          comram       000000
__Hconfig                                          config       30000E
__Hconst                                           const        000000
__HcstackBANK0                                     cstackBANK0  000000
__HcstackCOMRAM                                    cstackCOMRAM 000000
__Hdata                                            data         000000
__HdataBANK0                                       dataBANK0    000000
__Heeprom_data                                     eeprom_data  000000
__Hfarbss                                          farbss       000000
__Hfardata                                         fardata      000000
__Hibigdata                                        ibigdata     000000
__Hidata                                           idata        000000
__HidataBANK0                                      idataBANK0   000000
__Hidloc                                           idloc        200008
__Hifardata                                        ifardata     000000
__Hinit                                            init         00008E
__Hintcode                                         intcode      00008A
__Hintcode_body                                    intcode_body 000000
__Hintcodelo                                       intcodelo    00008A
__Hintentry                                        intentry     000000
__Hintret                                          intret       000000
__Hintsave_regs                                    intsave_regs 000000
__Hirdata                                          irdata       000000
__Hmediumconst                                     mediumconst  000000
__HnvFARRAM                                        nvFARRAM     000000
__Hnvbit                                           nvbit        000000
__Hnvrram                                          nvrram       000000
__Hparam                                           rparam       000000
__Hpowerup                                         powerup      00008A
__Hram                                             ram          000000
__Hramtop                                          ramtop       000F00
__Hrbit                                            rbit         000000
__Hrbss                                            rbss         000000
__Hrdata                                           rdata        000000
__Hreset_vec                                       reset_vec    000004
__Hrparam                                          rparam       000000
__Hsfr                                             sfr          000000
__Hsmallconst                                      smallconst   000F76
__Hspace_0                                         (abs)        30000E
__Hspace_1                                         (abs)        0000AD
__Hspace_2                                         (abs)        000000
__Hstack                                           stack        000000
__Hstruct                                          struct       000000
__Htemp                                            temp         00004D
__Htext                                            text         000000
__Htext0                                           text0        000000
__Htext1                                           text1        000000
__Htext10                                          text10       000000
__Htext11                                          text11       000000
__Htext12                                          text12       000000
__Htext13                                          text13       000000
__Htext14                                          text14       000000
__Htext15                                          text15       000000
__Htext16                                          text16       000000
__Htext17                                          text17       000000
__Htext18                                          text18       000000
__Htext19                                          text19       000000
__Htext2                                           text2        000000
__Htext20                                          text20       000000
__Htext21                                          text21       000000
__Htext22                                          text22       000000
__Htext23                                          text23       000000
__Htext24                                          text24       000000
__Htext25                                          text25       000000
__Htext26                                          text26       000000
__Htext27                                          text27       000000
__Htext28                                          text28       000000
__Htext29                                          text29       000000
__Htext3                                           text3        000000
__Htext30                                          text30       000000
__Htext31                                          text31       000000
__Htext32                                          text32       000000
__Htext33                                          text33       000000
__Htext34                                          text34       000000
__Htext35                                          text35       000000
__Htext36                                          text36       000000
__Htext37                                          text37       000000
__Htext38                                          text38       000000
__Htext39                                          text39       000000
__Htext4                                           text4        000000
__Htext40                                          text40       000000
__Htext41                                          text41       000000
__Htext42                                          text42       000000
__Htext43                                          text43       000000
__Htext44                                          text44       000000
__Htext45                                          text45       000000
__Htext46                                          text46       000000
__Htext48                                          text48       000000
__Htext49                                          text49       000000
__Htext5                                           text5        000000
__Htext50                                          text50       000000
__Htext51                                          text51       000000
__Htext6                                           text6        000000
__Htext7                                           text7        000000
__Htext8                                           text8        000000
__Htext9                                           text9        000000
__LRAM                                             (abs)        000001
__Labs1                                            abs1         000000
__Lbank0                                           bank0        000000
__Lbank1                                           bank1        000000
__Lbank10                                          bank10       000000
__Lbank11                                          bank11       000000
__Lbank12                                          bank12       000000
__Lbank13                                          bank13       000000
__Lbank14                                          bank14       000000
__Lbank2                                           bank2        000000
__Lbank3                                           bank3        000000
__Lbank4                                           bank4        000000
__Lbank5                                           bank5        000000
__Lbank6                                           bank6        000000
__Lbank7                                           bank7        000000
__Lbank8                                           bank8        000000
__Lbank9                                           bank9        000000
__Lbigbss                                          bigbss       000000
__Lbigdata                                         bigdata      000000
__Lbigram                                          bigram       000000
__Lbss                                             bss          000000
__LbssBANK0                                        bssBANK0     000000
__LbssCOMRAM                                       bssCOMRAM    000000
__Lcinit                                           cinit        000000
__Lclrtext                                         clrtext      000000
__Lcomram                                          comram       000000
__Lconfig                                          config       300000
__Lconst                                           const        000000
__LcstackBANK0                                     cstackBANK0  000000
__LcstackCOMRAM                                    cstackCOMRAM 000000
__Ldata                                            data         000000
__LdataBANK0                                       dataBANK0    000000
__Leeprom_data                                     eeprom_data  000000
__Lfarbss                                          farbss       000000
__Lfardata                                         fardata      000000
__Libigdata                                        ibigdata     000000
__Lidata                                           idata        000000
__LidataBANK0                                      idataBANK0   000000
__Lidloc                                           idloc        200000
__Lifardata                                        ifardata     000000
__Linit                                            init         00008A
__Lintcode                                         intcode      000008
__Lintcode_body                                    intcode_body 000000
__Lintcodelo                                       intcodelo    00008A
__Lintentry                                        intentry     000000
__Lintret                                          intret       000000
__Lintsave_regs                                    intsave_regs 000000
__Lirdata                                          irdata       000000
__Lmediumconst                                     mediumconst  000000
__LnvFARRAM                                        nvFARRAM     000000
__Lnvbit                                           nvbit        000000
__Lnvrram                                          nvrram       000000
__Lparam                                           rparam       000000
__Lpowerup                                         powerup      00008A
__Lram                                             ram          000000
__Lramtop                                          ramtop       000F00
__Lrbit                                            rbit         000000
__Lrbss                                            rbss         000000
__Lrdata                                           rdata        000000
__Lreset_vec                                       reset_vec    000000
__Lrparam                                          rparam       000000
__Lsfr                                             sfr          000000
__Lsmallconst                                      smallconst   000F00
__Lspace_0                                         (abs)        000000
__Lspace_1                                         (abs)        000000
__Lspace_2                                         (abs)        000000
__Lstack                                           stack        000000
__Lstruct                                          struct       000000
__Ltemp                                            temp         00004C
__Ltext                                            text         000000
__Ltext0                                           text0        000000
__Ltext1                                           text1        000000
__Ltext10                                          text10       000000
__Ltext11                                          text11       000000
__Ltext12                                          text12       000000
__Ltext13                                          text13       000000
__Ltext14                                          text14       000000
__Ltext15                                          text15       000000
__Ltext16                                          text16       000000
__Ltext17                                          text17       000000
__Ltext18                                          text18       000000
__Ltext19                                          text19       000000
__Ltext2                                           text2        000000
__Ltext20                                          text20       000000
__Ltext21                                          text21       000000
__Ltext22                                          text22       000000
__Ltext23                                          text23       000000
__Ltext24                                          text24       000000
__Ltext25                                          text25       000000
__Ltext26                                          text26       000000
__Ltext27                                          text27       000000
__Ltext28                                          text28       000000
__Ltext29                                          text29       000000
__Ltext3                                           text3        000000
__Ltext30                                          text30       000000
__Ltext31                                          text31       000000
__Ltext32                                          text32       000000
__Ltext33                                          text33       000000
__Ltext34                                          text34       000000
__Ltext35                                          text35       000000
__Ltext36                                          text36       000000
__Ltext37                                          text37       000000
__Ltext38                                          text38       000000
__Ltext39                                          text39       000000
__Ltext4                                           text4        000000
__Ltext40                                          text40       000000
__Ltext41                                          text41       000000
__Ltext42                                          text42       000000
__Ltext43                                          text43       000000
__Ltext44                                          text44       000000
__Ltext45                                          text45       000000
__Ltext46                                          text46       000000
__Ltext48                                          text48       000000
__Ltext49                                          text49       000000
__Ltext5                                           text5        000000
__Ltext50                                          text50       000000
__Ltext51                                          text51       000000
__Ltext6                                           text6        000000
__Ltext7                                           text7        000000
__Ltext8                                           text8        000000
__Ltext9                                           text9        000000
__S0                                               (abs)        30000E
__S1                                               (abs)        0000AD
__S2                                               (abs)        000000
___awdiv                                           text24       00613A
___awdiv@counter                                   cstackCOMRAM 000013
___awdiv@dividend                                  cstackCOMRAM 00000F
___awdiv@divisor                                   cstackCOMRAM 000011
___awdiv@quotient                                  cstackCOMRAM 000015
___awdiv@sign                                      cstackCOMRAM 000014
___awmod                                           text23       006236
___awmod@counter                                   cstackCOMRAM 00001B
___awmod@dividend                                  cstackCOMRAM 000017
___awmod@divisor                                   cstackCOMRAM 000019
___awmod@sign                                      cstackCOMRAM 00001C
___awtoft                                          text25       0064E2
___awtoft@c                                        cstackCOMRAM 000017
___awtoft@sign                                     cstackCOMRAM 00001A
___ftpack                                          text26       005EE2
___ftpack@arg                                      cstackCOMRAM 00000F
___ftpack@exp                                      cstackCOMRAM 000012
___ftpack@sign                                     cstackCOMRAM 000013
___fttol                                           text12       00596A
___fttol@exp1                                      cstackCOMRAM 00001D
___fttol@f1                                        cstackCOMRAM 00000F
___fttol@lval                                      cstackCOMRAM 000019
___fttol@sign1                                     cstackCOMRAM 000018
___inthi_sp                                        stack        000000
___intlo_sp                                        stack        000000
___param_bank                                      (abs)        000000
___rparam_used                                     (abs)        000001
___sp                                              stack        000000
___wmul                                            text9        006578
___wmul@multiplicand                               cstackCOMRAM 000011
___wmul@multiplier                                 cstackCOMRAM 00000F
___wmul@product                                    cstackCOMRAM 000013
__accesstop                                        (abs)        000060
__activetblptr                                     (abs)        000003
__end_of_CAN_receive                               text44       0055CC
__end_of_ECAN_Initialize                           text36       005C36
__end_of_FT800_Init                                text37       0053A2
__end_of_INTERRUPT_Initialize                      text35       006672
__end_of_INTERRUPT_InterruptManager                intcode      00008A
__end_of_OSCILLATOR_Initialize                     text34       006630
__end_of_PIN_MANAGER_Initialize                    text33       0064AA
__end_of_SPI_Exchange8bit                          text43       006640
__end_of_SPI_Initialize                            text32       00664E
__end_of_SYSTEM_Initialize                         text28       0065EE
__end_of_TMR1_DefaultInterruptHandler              text49       006674
__end_of_TMR1_ISR                                  text48       006578
__end_of_TMR1_Initialize                           text29       006434
__end_of_TMR1_Reload                               text27       006658
__end_of_TMR1_SetInterruptHandler                  text31       006662
__end_of_TMR1_StartTimer                           text30       00666E
__end_of___awdiv                                   text24       0061BE
__end_of___awmod                                   text23       0062A6
__end_of___awtoft                                  text25       00651A
__end_of___ftpack                                  text26       005F90
__end_of___fttol                                   text12       005A5E
__end_of___wmul                                    text9        00659E
__end_of__initialization                           cinit        00632E
__end_of_cmd                                       text21       0064E2
__end_of_cmd_incrementn                            text22       0065BA
__end_of_convertReg2ExtendedCANid                  text46       005872
__end_of_convertReg2StandardCANid                  text45       00613A
__end_of_display                                   text3        006026
__end_of_display_battery                           text18       004E4E
__end_of_display_end                               text17       00637A
__end_of_display_fuel                              text16       005108
__end_of_display_gear                              text15       00470A
__end_of_display_labels                            text14       004220
__end_of_display_laptime                           text2        00339E
__end_of_display_message                           text13       00572A
__end_of_display_oilPress                          text11       005B50
__end_of_display_oilTemp                           text10       005EE2
__end_of_display_rpm                               text8        00245A
__end_of_display_speed                             text7        005DFE
__end_of_display_start                             text6        0063F8
__end_of_display_tp                                text5        005D1A
__end_of_display_waterTemp                         text4        00596A
__end_of_host_command                              text42       006608
__end_of_main                                      text0        004B68
__end_of_rd16                                      text41       0062F6
__end_of_refresh                                   text50       00666A
__end_of_strlen                                    text20       0063BA
__end_of_wait2secs                                 text1        0065D4
__end_of_wr16                                      text40       006470
__end_of_wr32                                      text39       006236
__end_of_wr8                                       text38       006550
__end_of_wr8s                                      text19       0060B4
__initialization                                   cinit        0062F6
__mediumconst                                      mediumconst  000000
__pbssBANK0                                        bssBANK0     00009E
__pbssCOMRAM                                       bssCOMRAM    000044
__pcinit                                           cinit        0062F6
__pcstackBANK0                                     cstackBANK0  000060
__pcstackCOMRAM                                    cstackCOMRAM 000001
__pdataBANK0                                       dataBANK0    000088
__pidataBANK0                                      idataBANK0   006608
__pintcode                                         intcode      000008
__psmallconst                                      smallconst   000F00
__ptext0                                           text0        00470A
__ptext1                                           text1        0065BA
__ptext10                                          text10       005DFE
__ptext11                                          text11       005A5E
__ptext12                                          text12       00596A
__ptext13                                          text13       0055CC
__ptext14                                          text14       00339E
__ptext15                                          text15       004220
__ptext16                                          text16       004E4E
__ptext17                                          text17       006338
__ptext18                                          text18       004B68
__ptext19                                          text19       006026
__ptext2                                           text2        00245A
__ptext20                                          text20       00637A
__ptext21                                          text21       0064AA
__ptext22                                          text22       00659E
__ptext23                                          text23       006236
__ptext24                                          text24       00613A
__ptext25                                          text25       0064E2
__ptext26                                          text26       005EE2
__ptext27                                          text27       00664E
__ptext28                                          text28       0065D4
__ptext29                                          text29       0063F8
__ptext3                                           text3        005F90
__ptext30                                          text30       00666A
__ptext31                                          text31       006658
__ptext32                                          text32       006640
__ptext33                                          text33       006470
__ptext34                                          text34       00661E
__ptext35                                          text35       00666E
__ptext36                                          text36       005B50
__ptext37                                          text37       005108
__ptext38                                          text38       00651A
__ptext39                                          text39       0061BE
__ptext4                                           text4        005872
__ptext40                                          text40       006434
__ptext41                                          text41       0062A6
__ptext42                                          text42       0065EE
__ptext43                                          text43       006630
__ptext44                                          text44       0053A2
__ptext45                                          text45       0060B4
__ptext46                                          text46       00572A
__ptext48                                          text48       006550
__ptext49                                          text49       006672
__ptext5                                           text5        005C36
__ptext50                                          text50       006662
__ptext51                                          text51       000000
__ptext6                                           text6        0063BA
__ptext7                                           text7        005D1A
__ptext8                                           text8        000F76
__ptext9                                           text9        006578
__ramtop                                           ramtop       000F00
__size_of_CAN_receive                              (abs)        000000
__size_of_ECAN_Initialize                          (abs)        000000
__size_of_FT800_Init                               (abs)        000000
__size_of_INTERRUPT_Initialize                     (abs)        000000
__size_of_INTERRUPT_InterruptManager               (abs)        000000
__size_of_OSCILLATOR_Initialize                    (abs)        000000
__size_of_PIN_MANAGER_Initialize                   (abs)        000000
__size_of_SPI_Exchange8bit                         (abs)        000000
__size_of_SPI_Initialize                           (abs)        000000
__size_of_SYSTEM_Initialize                        (abs)        000000
__size_of_TMR1_DefaultInterruptHandler             (abs)        000000
__size_of_TMR1_ISR                                 (abs)        000000
__size_of_TMR1_Initialize                          (abs)        000000
__size_of_TMR1_Reload                              (abs)        000000
__size_of_TMR1_SetInterruptHandler                 (abs)        000000
__size_of_TMR1_StartTimer                          (abs)        000000
__size_of___awdiv                                  (abs)        000000
__size_of___awmod                                  (abs)        000000
__size_of___awtoft                                 (abs)        000000
__size_of___ftpack                                 (abs)        000000
__size_of___fttol                                  (abs)        000000
__size_of___wmul                                   (abs)        000000
__size_of_cmd                                      (abs)        000000
__size_of_cmd_incrementn                           (abs)        000000
__size_of_convertReg2ExtendedCANid                 (abs)        000000
__size_of_convertReg2StandardCANid                 (abs)        000000
__size_of_display                                  (abs)        000000
__size_of_display_battery                          (abs)        000000
__size_of_display_end                              (abs)        000000
__size_of_display_fuel                             (abs)        000000
__size_of_display_gear                             (abs)        000000
__size_of_display_labels                           (abs)        000000
__size_of_display_laptime                          (abs)        000000
__size_of_display_message                          (abs)        000000
__size_of_display_oilPress                         (abs)        000000
__size_of_display_oilTemp                          (abs)        000000
__size_of_display_rpm                              (abs)        000000
__size_of_display_speed                            (abs)        000000
__size_of_display_start                            (abs)        000000
__size_of_display_tp                               (abs)        000000
__size_of_display_waterTemp                        (abs)        000000
__size_of_host_command                             (abs)        000000
__size_of_main                                     (abs)        000000
__size_of_rd16                                     (abs)        000000
__size_of_refresh                                  (abs)        000000
__size_of_strlen                                   (abs)        000000
__size_of_wait2secs                                (abs)        000000
__size_of_wr16                                     (abs)        000000
__size_of_wr32                                     (abs)        000000
__size_of_wr8                                      (abs)        000000
__size_of_wr8s                                     (abs)        000000
__smallconst                                       smallconst   000F00
_canMessage                                        bssBANK0     00009F
_cmd                                               text21       0064AA
_cmd_incrementn                                    text22       00659E
_cmd_offset                                        bssCOMRAM    000048
_convertReg2ExtendedCANid                          text46       00572A
_convertReg2StandardCANid                          text45       0060B4
_display                                           text3        005F90
_display_battery                                   text18       004B68
_display_end                                       text17       006338
_display_fuel                                      text16       004E4E
_display_gear                                      text15       004220
_display_labels                                    text14       00339E
_display_laptime                                   text2        00245A
_display_message                                   text13       0055CC
_display_oilPress                                  text11       005A5E
_display_oilTemp                                   text10       005DFE
_display_rpm                                       text8        000F76
_display_speed                                     text7        005D1A
_display_start                                     text6        0063BA
_display_tp                                        text5        005C36
_display_waterTemp                                 text4        005872
_dli                                               bssCOMRAM    00004A
_host_command                                      text42       0065EE
_main                                              text0        00470A
_rd16                                              text41       0062A6
_refresh                                           text50       006662
_refresh_screen                                    bssBANK0     00009E
_strlen                                            text20       00637A
_timer1ReloadVal                                   bssCOMRAM    000046
_wait2secs                                         text1        0065BA
_wr16                                              text40       006434
_wr32                                              text39       0061BE
_wr8                                               text38       00651A
_wr8s                                              text19       006026
btemp                                              temp         00004C
cmd@command                                        cstackCOMRAM 00001E
cmd_incrementn@n                                   cstackCOMRAM 000011
convertReg2ExtendedCANid@CAN_standardLo_ID_hi3bits cstackCOMRAM 00001D
convertReg2ExtendedCANid@CAN_standardLo_ID_lo2bits cstackCOMRAM 00001C
convertReg2ExtendedCANid@ConvertedID               cstackCOMRAM 00001E
convertReg2ExtendedCANid@returnValue               cstackCOMRAM 000018
convertReg2ExtendedCANid@tempRXBn_EIDH             cstackCOMRAM 000017
convertReg2ExtendedCANid@tempRXBn_EIDL             cstackCOMRAM 00000F
convertReg2ExtendedCANid@tempRXBn_SIDH             cstackCOMRAM 000010
convertReg2ExtendedCANid@tempRXBn_SIDL             cstackCOMRAM 000011
convertReg2StandardCANid@ConvertedID               cstackCOMRAM 00001A
convertReg2StandardCANid@returnValue               cstackCOMRAM 000016
convertReg2StandardCANid@tempRXBn_SIDH             cstackCOMRAM 000015
convertReg2StandardCANid@tempRXBn_SIDL             cstackCOMRAM 00000F
display@battVolts                                  cstackCOMRAM 000040
display@engTemp                                    cstackCOMRAM 00003C
display@fuelP                                      cstackCOMRAM 000034
display@gear                                       cstackCOMRAM 00003A
display@oilP                                       cstackCOMRAM 000032
display@oilTemp                                    cstackCOMRAM 00003E
display@rpm                                        cstackCOMRAM 000030
display@speed                                      cstackCOMRAM 000038
display@tp                                         cstackCOMRAM 000036
display_battery@volts                              cstackCOMRAM 000025
display_fuel@level                                 cstackCOMRAM 000025
display_gear@gear                                  cstackCOMRAM 000025
display_labels@y_start                             cstackCOMRAM 000028
display_laptime@best_dec                           cstackCOMRAM 00002B
display_laptime@best_int                           cstackCOMRAM 000029
display_laptime@best_lap                           cstackCOMRAM 000033
display_laptime@current_dec                        cstackCOMRAM 000027
display_laptime@current_int                        cstackCOMRAM 000025
display_laptime@lap                                cstackCOMRAM 000031
display_laptime@last_dec                           cstackCOMRAM 00002F
display_laptime@last_int                           cstackCOMRAM 00002D
display_message@message                            cstackCOMRAM 000025
display_oilPress@pressure                          cstackCOMRAM 000025
display_oilTemp@temp                               cstackCOMRAM 000025
display_rpm@first_digit                            cstackCOMRAM 00002E
display_rpm@rpm                                    cstackCOMRAM 000025
display_rpm@second_digit                           cstackCOMRAM 00002C
display_rpm@val                                    cstackCOMRAM 00002A
display_speed@speed                                cstackCOMRAM 000025
display_tp@tp                                      cstackCOMRAM 000025
display_waterTemp@temp                             cstackCOMRAM 000025
end_of_initialization                              cinit        00632E
host_command@command                               cstackCOMRAM 000010
int$flags                                          temp         00004C
intlevel0                                          text         000000
intlevel1                                          text         000000
intlevel2                                          text         000000
intlevel3                                          text         000000
main@F15287                                        dataBANK0    000088
main@battVolts                                     cstackBANK0  000070
main@engTemp                                       cstackBANK0  00006C
main@fuelP                                         cstackBANK0  000060
main@gear                                          cstackBANK0  00006A
main@lap_time                                      cstackBANK0  000072
main@oilP                                          cstackBANK0  000064
main@oilTemp                                       cstackBANK0  00006E
main@rpm                                           cstackBANK0  000062
main@speed                                         cstackBANK0  000068
main@tp                                            cstackBANK0  000066
rd16@addr                                          cstackCOMRAM 000010
rd16@temp                                          cstackCOMRAM 000016
stackhi                                            (abs)        000E40
stacklo                                            (abs)        0000AD
start                                              init         00008A
start_initialization                               cinit        0062F6
strlen@cp                                          cstackCOMRAM 000013
strlen@s                                           cstackCOMRAM 00000F
wr16@addr                                          cstackCOMRAM 000010
wr16@value                                         cstackCOMRAM 000013
wr32@addr                                          cstackCOMRAM 000010
wr32@value                                         cstackCOMRAM 000013
wr8@addr                                           cstackCOMRAM 000010
wr8@value                                          cstackCOMRAM 000013
wr8s@addr                                          cstackCOMRAM 000015
wr8s@i                                             cstackCOMRAM 00001E
wr8s@l                                             cstackCOMRAM 00001D
wr8s@s                                             cstackCOMRAM 000018


FUNCTION INFORMATION:

 *************** function _main *****************
 Defined at:
		line 31 in file "main.c"
 Parameters:    Size  Location     Type
		None
 Auto vars:     Size  Location     Type
  lap_time       22   18[BANK0 ] struct .
  battVolts       2   16[BANK0 ] int 
  oilTemp         2   14[BANK0 ] int 
  engTemp         2   12[BANK0 ] int 
  gear            2   10[BANK0 ] int 
  speed           2    8[BANK0 ] int 
  tp              2    6[BANK0 ] int 
  oilP            2    4[BANK0 ] int 
  rpm             2    2[BANK0 ] int 
  fuelP           2    0[BANK0 ] int 
 Return value:  Size  Location     Type
                  1    wreg      void 
 Registers used:
		wreg, fsr1l, fsr1h, fsr2l, fsr2h, status,2, status,0, tblptrl, tblptrh, tblptru, prodl, prodh, cstack
 Tracked objects:
		On entry : 
		On exit  : 
		Unchanged: 
 Data sizes:     COMRAM   BANK0   BANK1   BANK2   BANK3   BANK4   BANK5   BANK6   BANK7   BANK8   BANK9  BANK10  BANK11  BANK12  BANK13  BANK14
      Params:         0       0       0       0       0       0       0       0       0       0       0       0       0       0       0       0
      Locals:         0      40       0       0       0       0       0       0       0       0       0       0       0       0       0       0
      Temps:          2       0       0       0       0       0       0       0       0       0       0       0       0       0       0       0
      Totals:         2      40       0       0       0       0       0       0       0       0       0       0       0       0       0       0
Total ram usage:       42 bytes
 Hardware stack levels required when called:    8
 This function calls:
		_CAN_receive
		_FT800_Init
		_SYSTEM_Initialize
		_TMR1_Reload
		_TMR1_SetInterruptHandler
		___awdiv
		___awmod
		___awtoft
		_display
		_display_battery
		_display_end
		_display_fuel
		_display_gear
		_display_labels
		_display_laptime
		_display_message
		_display_oilPress
		_display_oilTemp
		_display_rpm
		_display_speed
		_display_start
		_display_tp
		_display_waterTemp
		_wait2secs
 This function is called by:
		Startup code after reset
 This function uses a non-reentrant model


 *************** function _wait2secs *****************
 Defined at:
		line 23 in file "main.c"
 Parameters:    Size  Location     Type
		None
 Auto vars:     Size  Location     Type
		None
 Return value:  Size  Location     Type
                  1    wreg      void 
 Registers used:
		wreg
 Tracked objects:
		On entry : 
		On exit  : 
		Unchanged: 
 Data sizes:     COMRAM   BANK0   BANK1   BANK2   BANK3   BANK4   BANK5   BANK6   BANK7   BANK8   BANK9  BANK10  BANK11  BANK12  BANK13  BANK14
      Params:         0       0       0       0       0       0       0       0       0       0       0       0       0       0       0       0
      Locals:         0       0       0       0       0       0       0       0       0       0       0       0       0       0       0       0
      Temps:          2       0       0       0       0       0       0       0       0       0       0       0       0       0       0       0
      Totals:         2       0       0       0       0       0       0       0       0       0       0       0       0       0       0       0
Total ram usage:        2 bytes
 Hardware stack levels used:    1
 Hardware stack levels required when called:    3
 This function calls:
		Nothing
 This function is called by:
		_main
 This function uses a non-reentrant model


 *************** function _display_laptime *****************
 Defined at:
		line 72 in file "display.c"
 Parameters:    Size  Location     Type
  current_int     2   36[COMRAM] int 
  current_dec     2   38[COMRAM] int 
  best_int        2   40[COMRAM] int 
  best_dec        2   42[COMRAM] int 
  last_int        2   44[COMRAM] int 
  last_dec        2   46[COMRAM] int 
  lap             2   48[COMRAM] int 
  best_lap        2   50[COMRAM] int 
 Auto vars:     Size  Location     Type
		None
 Return value:  Size  Location     Type
                  1    wreg      void 
 Registers used:
		wreg, status,2, status,0, tblptrl, tblptrh, tblptru, prodl, prodh, cstack
 Tracked objects:
		On entry : 
		On exit  : 
		Unchanged: 
 Data sizes:     COMRAM   BANK0   BANK1   BANK2   BANK3   BANK4   BANK5   BANK6   BANK7   BANK8   BANK9  BANK10  BANK11  BANK12  BANK13  BANK14
      Params:        16       0       0       0       0       0       0       0       0       0       0       0       0       0       0       0
      Locals:         0       0       0       0       0       0       0       0       0       0       0       0       0       0       0       0
      Temps:          4       0       0       0       0       0       0       0       0       0       0       0       0       0       0       0
      Totals:        20       0       0       0       0       0       0       0       0       0       0       0       0       0       0       0
Total ram usage:       20 bytes
 Hardware stack levels used:    1
 Hardware stack levels required when called:    6
 This function calls:
		_cmd
		_cmd_incrementn
		_wr16
		_wr8s
 This function is called by:
		_main
 This function uses a non-reentrant model


 *************** function _display *****************
 Defined at:
		line 3 in file "display.c"
 Parameters:    Size  Location     Type
  rpm             2   47[COMRAM] int 
  oilP            2   49[COMRAM] int 
  fuelP           2   51[COMRAM] int 
  tp              2   53[COMRAM] int 
  speed           2   55[COMRAM] int 
  gear            2   57[COMRAM] int 
  engTemp         2   59[COMRAM] int 
  oilTemp         2   61[COMRAM] int 
  battVolts       2   63[COMRAM] int 
 Auto vars:     Size  Location     Type
		None
 Return value:  Size  Location     Type
                  1    wreg      void 
 Registers used:
		wreg, status,2, status,0, tblptrl, tblptrh, tblptru, prodl, prodh, cstack
 Tracked objects:
		On entry : 
		On exit  : 
		Unchanged: 
 Data sizes:     COMRAM   BANK0   BANK1   BANK2   BANK3   BANK4   BANK5   BANK6   BANK7   BANK8   BANK9  BANK10  BANK11  BANK12  BANK13  BANK14
      Params:        18       0       0       0       0       0       0       0       0       0       0       0       0       0       0       0
      Locals:         0       0       0       0       0       0       0       0       0       0       0       0       0       0       0       0
      Temps:          0       0       0       0       0       0       0       0       0       0       0       0       0       0       0       0
      Totals:        18       0       0       0       0       0       0       0       0       0       0       0       0       0       0       0
Total ram usage:       18 bytes
 Hardware stack levels used:    1
 Hardware stack levels required when called:    7
 This function calls:
		___awtoft
		_display_battery
		_display_end
		_display_fuel
		_display_gear
		_display_labels
		_display_message
		_display_oilPress
		_display_oilTemp
		_display_rpm
		_display_speed
		_display_start
		_display_tp
		_display_waterTemp
 This function is called by:
		_main
 This function uses a non-reentrant model


 *************** function _display_waterTemp *****************
 Defined at:
		line 119 in file "display.c"
 Parameters:    Size  Location     Type
  temp            2   36[COMRAM] int 
 Auto vars:     Size  Location     Type
		None
 Return value:  Size  Location     Type
                  1    wreg      void 
 Registers used:
		wreg, status,2, status,0, cstack
 Tracked objects:
		On entry : 
		On exit  : 
		Unchanged: 
 Data sizes:     COMRAM   BANK0   BANK1   BANK2   BANK3   BANK4   BANK5   BANK6   BANK7   BANK8   BANK9  BANK10  BANK11  BANK12  BANK13  BANK14
[...]
      Locals:         0       0       0       0       0       0       0       0       0       0       0       0       0       0       0       0
      Temps:          3       0       0       0       0       0       0       0       0       0       0       0       0       0       0       0
      Totals:         8       0       0       0       0       0       0       0       0       0       0       0       0       0       0       0
Total ram usage:        8 bytes
 Hardware stack levels used:    1
 Hardware stack levels required when called:    4
 This function calls:
		_SPI_Exchange8bit
 This function is called by:
		_FT800_Init
		_display_end
		_display_labels
		_display_message
		_display_laptime
		_display_waterTemp
		_display_oilTemp
		_display_fuel
		_display_battery
		_display_oilPress
		_display_tp
		_display_speed
		_display_rpm
 This function uses a non-reentrant model


 *************** function _rd16 *****************
 Defined at:
		line 72 in file "FT800.c"
 Parameters:    Size  Location     Type
  addr            3   15[COMRAM] unsigned um
 Auto vars:     Size  Location     Type
  temp            1   21[COMRAM] unsigned char 
 Return value:  Size  Location     Type
                  2   15[COMRAM] unsigned int 
 Registers used:
		wreg, status,2, cstack
 Tracked objects:
		On entry : 
		On exit  : 
		Unchanged: 
 Data sizes:     COMRAM   BANK0   BANK1   BANK2   BANK3   BANK4   BANK5   BANK6   BANK7   BANK8   BANK9  BANK10  BANK11  BANK12  BANK13  BANK14
      Params:         3       0       0       0       0       0       0       0       0       0       0       0       0       0       0       0
      Locals:         1       0       0       0       0       0       0       0       0       0       0       0       0       0       0       0
      Temps:          3       0       0       0       0       0       0       0       0       0       0       0       0       0       0       0
      Totals:         7       0       0       0       0       0       0       0       0       0       0       0       0       0       0       0
Total ram usage:        7 bytes
 Hardware stack levels used:    1
 Hardware stack levels required when called:    4
 This function calls:
		_SPI_Exchange8bit
 This function is called by:
		_FT800_Init
 This function uses a non-reentrant model


 *************** function _host_command *****************
 Defined at:
		line 8 in file "FT800.c"
 Parameters:    Size  Location     Type
  command         1    wreg     unsigned char 
 Auto vars:     Size  Location     Type
  command         1   15[COMRAM] unsigned char 
 Return value:  Size  Location     Type
                  1    wreg      void 
 Registers used:
		wreg, status,2, cstack
 Tracked objects:
		On entry : 
		On exit  : 
		Unchanged: 
 Data sizes:     COMRAM   BANK0   BANK1   BANK2   BANK3   BANK4   BANK5   BANK6   BANK7   BANK8   BANK9  BANK10  BANK11  BANK12  BANK13  BANK14
      Params:         0       0       0       0       0       0       0       0       0       0       0       0       0       0       0       0
      Locals:         1       0       0       0       0       0       0       0       0       0       0       0       0       0       0       0
      Temps:          0       0       0       0       0       0       0       0       0       0       0       0       0       0       0       0
      Totals:         1       0       0       0       0       0       0       0       0       0       0       0       0       0       0       0
Total ram usage:        1 bytes
 Hardware stack levels used:    1
 Hardware stack levels required when called:    4
 This function calls:
		_SPI_Exchange8bit
 This function is called by:
		_FT800_Init
 This function uses a non-reentrant model


 *************** function _SPI_Exchange8bit *****************
 Defined at:
		line 77 in file "mcc_generated_files/spi.c"
 Parameters:    Size  Location     Type
  data            1    wreg     unsigned char 
 Auto vars:     Size  Location     Type
  data            1   14[COMRAM] unsigned char 
 Return value:  Size  Location     Type
                  1    wreg      unsigned char 
 Registers used:
		wreg, status,2
 Tracked objects:
		On entry : 
		On exit  : 
		Unchanged: 
 Data sizes:     COMRAM   BANK0   BANK1   BANK2   BANK3   BANK4   BANK5   BANK6   BANK7   BANK8   BANK9  BANK10  BANK11  BANK12  BANK13  BANK14
      Params:         0       0       0       0       0       0       0       0       0       0       0       0       0       0       0       0
      Locals:         1       0       0       0       0       0       0       0       0       0       0       0       0       0       0       0
      Temps:          0       0       0       0       0       0       0       0       0       0       0       0       0       0       0       0
      Totals:         1       0       0       0       0       0       0       0       0       0       0       0       0       0       0       0
Total ram usage:        1 bytes
 Hardware stack levels used:    1
 Hardware stack levels required when called:    3
 This function calls:
		Nothing
 This function is called by:
		_host_command
		_wr8
		_wr16
		_wr32
		_wr8s
		_rd16
		_rd8
		_rd32
		_SPI_Exchange8bitBuffer
 This function uses a non-reentrant model


 *************** function _CAN_receive *****************
 Defined at:
		line 239 in file "mcc_generated_files/ecan.c"
 Parameters:    Size  Location     Type
  tempCanMsg      2   33[COMRAM] PTR struct .
		 -> canMessage(14), 
 Auto vars:     Size  Location     Type
  returnValue     1   35[COMRAM] unsigned char 
 Return value:  Size  Location     Type
                  1    wreg      unsigned char 
 Registers used:
		wreg, fsr2l, fsr2h, status,2, status,0, cstack
 Tracked objects:
		On entry : 
		On exit  : 
		Unchanged: 
 Data sizes:     COMRAM   BANK0   BANK1   BANK2   BANK3   BANK4   BANK5   BANK6   BANK7   BANK8   BANK9  BANK10  BANK11  BANK12  BANK13  BANK14
      Params:         2       0       0       0       0       0       0       0       0       0       0       0       0       0       0       0
      Locals:         1       0       0       0       0       0       0       0       0       0       0       0       0       0       0       0
      Temps:          0       0       0       0       0       0       0       0       0       0       0       0       0       0       0       0
      Totals:         3       0       0       0       0       0       0       0       0       0       0       0       0       0       0       0
Total ram usage:        3 bytes
 Hardware stack levels used:    1
 Hardware stack levels required when called:    4
 This function calls:
		_convertReg2ExtendedCANid
		_convertReg2StandardCANid
 This function is called by:
		_main
 This function uses a non-reentrant model


 *************** function _convertReg2StandardCANid *****************
 Defined at:
		line 385 in file "mcc_generated_files/ecan.c"
 Parameters:    Size  Location     Type
  tempRXBn_SID    1    wreg     unsigned char 
  tempRXBn_SID    1   14[COMRAM] unsigned char 
 Auto vars:     Size  Location     Type
  tempRXBn_SID    1   20[COMRAM] unsigned char 
  ConvertedID     4   25[COMRAM] unsigned long 
  returnValue     4   21[COMRAM] unsigned long 
 Return value:  Size  Location     Type
                  4   14[COMRAM] unsigned long 
 Registers used:
		wreg, status,2, status,0
 Tracked objects:
		On entry : 
		On exit  : 
		Unchanged: 
 Data sizes:     COMRAM   BANK0   BANK1   BANK2   BANK3   BANK4   BANK5   BANK6   BANK7   BANK8   BANK9  BANK10  BANK11  BANK12  BANK13  BANK14
      Params:         4       0       0       0       0       0       0       0       0       0       0       0       0       0       0       0
      Locals:         9       0       0       0       0       0       0       0       0       0       0       0       0       0       0       0
      Temps:          2       0       0       0       0       0       0       0       0       0       0       0       0       0       0       0
      Totals:        15       0       0       0       0       0       0       0       0       0       0       0       0       0       0       0
Total ram usage:       15 bytes
 Hardware stack levels used:    1
 Hardware stack levels required when called:    3
 This function calls:
		Nothing
 This function is called by:
		_CAN_receive
 This function uses a non-reentrant model


 *************** function _convertReg2ExtendedCANid *****************
 Defined at:
		line 365 in file "mcc_generated_files/ecan.c"
 Parameters:    Size  Location     Type
  tempRXBn_EID    1    wreg     unsigned char 
  tempRXBn_EID    1   14[COMRAM] unsigned char 
  tempRXBn_SID    1   15[COMRAM] unsigned char 
  tempRXBn_SID    1   16[COMRAM] unsigned char 
 Auto vars:     Size  Location     Type
  tempRXBn_EID    1   22[COMRAM] unsigned char 
  ConvertedID     4   29[COMRAM] unsigned long 
  returnValue     4   23[COMRAM] unsigned long 
  CAN_standard    1   28[COMRAM] unsigned char 
  CAN_standard    1   27[COMRAM] unsigned char 
 Return value:  Size  Location     Type
                  4   14[COMRAM] unsigned long 
 Registers used:
		wreg, status,2, status,0
 Tracked objects:
		On entry : 
		On exit  : 
		Unchanged: 
 Data sizes:     COMRAM   BANK0   BANK1   BANK2   BANK3   BANK4   BANK5   BANK6   BANK7   BANK8   BANK9  BANK10  BANK11  BANK12  BANK13  BANK14
      Params:         4       0       0       0       0       0       0       0       0       0       0       0       0       0       0       0
      Locals:        11       0       0       0       0       0       0       0       0       0       0       0       0       0       0       0
      Temps:          4       0       0       0       0       0       0       0       0       0       0       0       0       0       0       0
      Totals:        19       0       0       0       0       0       0       0       0       0       0       0       0       0       0       0
Total ram usage:       19 bytes
 Hardware stack levels used:    1
 Hardware stack levels required when called:    3
 This function calls:
		Nothing
 This function is called by:
		_CAN_receive
 This function uses a non-reentrant model


 *************** function _INTERRUPT_InterruptManager *****************
 Defined at:
		line 57 in file "mcc_generated_files/interrupt_manager.c"
 Parameters:    Size  Location     Type
		None
 Auto vars:     Size  Location     Type
		None
 Return value:  Size  Location     Type
                  1    wreg      void 
 Registers used:
		wreg, status,2, status,0, pclath, tosl, cstack
 Tracked objects:
		On entry : 
		On exit  : 
		Unchanged: 
 Data sizes:     COMRAM   BANK0   BANK1   BANK2   BANK3   BANK4   BANK5   BANK6   BANK7   BANK8   BANK9  BANK10  BANK11  BANK12  BANK13  BANK14
      Params:         0       0       0       0       0       0       0       0       0       0       0       0       0       0       0       0
      Locals:         0       0       0       0       0       0       0       0       0       0       0       0       0       0       0       0
      Temps:         14       0       0       0       0       0       0       0       0       0       0       0       0       0       0       0
      Totals:        14       0       0       0       0       0       0       0       0       0       0       0       0       0       0       0
Total ram usage:       14 bytes
 Hardware stack levels used:    1
 Hardware stack levels required when called:    2
 This function calls:
		_TMR1_ISR
 This function is called by:
		Interrupt level 2
 This function uses a non-reentrant model


 *************** function _TMR1_ISR *****************
 Defined at:
		line 160 in file "mcc_generated_files/tmr1.c"
 Parameters:    Size  Location     Type
		None
 Auto vars:     Size  Location     Type
		None
 Return value:  Size  Location     Type
                  1    wreg      void 
 Registers used:
		wreg, status,2, status,0, pclath, tosl, cstack
 Tracked objects:
		On entry : 
		On exit  : 
		Unchanged: 
 Data sizes:     COMRAM   BANK0   BANK1   BANK2   BANK3   BANK4   BANK5   BANK6   BANK7   BANK8   BANK9  BANK10  BANK11  BANK12  BANK13  BANK14
      Params:         0       0       0       0       0       0       0       0       0       0       0       0       0       0       0       0
      Locals:         0       0       0       0       0       0       0       0       0       0       0       0       0       0       0       0
      Temps:          0       0       0       0       0       0       0       0       0       0       0       0       0       0       0       0
      Totals:         0       0       0       0       0       0       0       0       0       0       0       0       0       0       0       0
Total ram usage:        0 bytes
 Hardware stack levels used:    1
 Hardware stack levels required when called:    1
 This function calls:
		Absolute function
		_TMR1_DefaultInterruptHandler
		_refresh
 This function is called by:
		_INTERRUPT_InterruptManager
 This function uses a non-reentrant model


 *************** function _TMR1_DefaultInterruptHandler *****************
 Defined at:
		line 180 in file "mcc_generated_files/tmr1.c"
 Parameters:    Size  Location     Type
		None
 Auto vars:     Size  Location     Type
		None
 Return value:  Size  Location     Type
                  1    wreg      void 
 Registers used:
		None
 Tracked objects:
		On entry : 
		On exit  : 
		Unchanged: 
 Data sizes:     COMRAM   BANK0   BANK1   BANK2   BANK3   BANK4   BANK5   BANK6   BANK7   BANK8   BANK9  BANK10  BANK11  BANK12  BANK13  BANK14
      Params:         0       0       0       0       0       0       0       0       0       0       0       0       0       0       0       0
      Locals:         0       0       0       0       0       0       0       0       0       0       0       0       0       0       0       0
      Temps:          0       0       0       0       0       0       0       0       0       0       0       0       0       0       0       0
      Totals:         0       0       0       0       0       0       0       0       0       0       0       0       0       0       0       0
Total ram usage:        0 bytes
 Hardware stack levels used:    1
 This function calls:
		Nothing
 This function is called by:
		_TMR1_Initialize
		_TMR1_ISR
 This function uses a non-reentrant model


 *************** function _refresh *****************
 Defined at:
		line 27 in file "main.c"
 Parameters:    Size  Location     Type
		None
 Auto vars:     Size  Location     Type
		None
 Return value:  Size  Location     Type
                  1    wreg      void 
 Registers used:
		wreg, status,2
 Tracked objects:
		On entry : 
		On exit  : 
		Unchanged: 
 Data sizes:     COMRAM   BANK0   BANK1   BANK2   BANK3   BANK4   BANK5   BANK6   BANK7   BANK8   BANK9  BANK10  BANK11  BANK12  BANK13  BANK14
      Params:         0       0       0       0       0       0       0       0       0       0       0       0       0       0       0       0
      Locals:         0       0       0       0       0       0       0       0       0       0       0       0       0       0       0       0
      Temps:          0       0       0       0       0       0       0       0       0       0       0       0       0       0       0       0
      Totals:         0       0       0       0       0       0       0       0       0       0       0       0       0       0       0       0
Total ram usage:        0 bytes
 Hardware stack levels used:    1
 This function calls:
		Nothing
 This function is called by:
		_main
		_TMR1_ISR
 This function uses a non-reentrant model



MODULE INFORMATION

Module		Function		Class		Link	Load	Size
C:\Program Files (x86)\Microchip\xc8\v1.42\sources\common\awdiv.c
		___awdiv       		CODE           	613A	0000	133

C:\Program Files (x86)\Microchip\xc8\v1.42\sources\common\awdiv.c estimated size: 133

mcc_generated_files/interrupt_manager.c
		_INTERRUPT_Initialize		CODE           	666E	0000	5
		_INTERRUPT_InterruptManager		CODE           	0008	0000	131

mcc_generated_files/interrupt_manager.c estimated size: 136

C:\Program Files (x86)\Microchip\xc8\v1.42\sources\common\fttol.c
		___fttol       		CODE           	596A	0000	245

C:\Program Files (x86)\Microchip\xc8\v1.42\sources\common\fttol.c estimated size: 245

mcc_generated_files/pin_manager.c
		_PIN_MANAGER_Initialize		CODE           	6470	0000	59

mcc_generated_files/pin_manager.c estimated size: 59

C:\Program Files (x86)\Microchip\xc8\v1.42\sources\common\awtoft.c
		___awtoft      		CODE           	64E2	0000	57

C:\Program Files (x86)\Microchip\xc8\v1.42\sources\common\awtoft.c estimated size: 57

mcc_generated_files/ecan.c
		_CAN_receive   		CODE           	53A2	0000	555
		_ECAN_Initialize		CODE           	5B50	0000	231
		_convertReg2ExtendedCANid		CODE           	572A	0000	329
		_convertReg2StandardCANid		CODE           	60B4	0000	135

mcc_generated_files/ecan.c estimated size: 1250

mcc_generated_files/spi.c
		_SPI_Exchange8bit		CODE           	6630	0000	17
		_SPI_Initialize		CODE           	6640	0000	15

mcc_generated_files/spi.c estimated size: 32

C:\Program Files (x86)\Microchip\xc8\v1.42\sources\common\strlen.c
		_strlen        		CODE           	637A	0000	65

C:\Program Files (x86)\Microchip\xc8\v1.42\sources\common\strlen.c estimated size: 65

shared
		__initialization		CODE           	62F6	0000	57

shared estimated size: 57

mcc_generated_files/mcc.c
		_OSCILLATOR_Initialize		CODE           	661E	0000	19
		_SYSTEM_Initialize		CODE           	65D4	0000	27

mcc_generated_files/mcc.c estimated size: 46

C:\Program Files (x86)\Microchip\xc8\v1.42\sources\common\float.c
		___ftpack      		CODE           	5EE2	0000	175

C:\Program Files (x86)\Microchip\xc8\v1.42\sources\common\float.c estimated size: 175

mcc_generated_files/tmr1.c
		_TMR1_Initialize		CODE           	63F8	0000	61
		_TMR1_SetInterruptHandler		CODE           	6658	0000	11
		_TMR1_Reload   		CODE           	664E	0000	11
		_TMR1_DefaultInterruptHandler		CODE           	6672	0000	3
		_TMR1_StartTimer		CODE           	666A	0000	5
		_TMR1_ISR      		CODE           	6550	0000	41

mcc_generated_files/tmr1.c estimated size: 132

display.c
		_display       		CODE           	5F90	0000	151
		_display_tp    		CODE           	5C36	0000	229
		_display_end   		CODE           	6338	0000	67
		_display_rpm   		CODE           	0F76	0000	5349
		_display_fuel  		CODE           	4E4E	0000	699
		_display_gear  		CODE           	4220	0000	1259
		_display_speed 		CODE           	5D1A	0000	229
		_display_start 		CODE           	63BA	0000	63
		_display_oilPress		CODE           	5A5E	0000	243
		_display_labels		CODE           	339E	0000	3715
		_display_waterTemp		CODE           	5872	0000	249
		_display_message		CODE           	55CC	0000	351
		_display_laptime		CODE           	245A	0000	3909
		_display_oilTemp		CODE           	5DFE	0000	229
		_display_battery		CODE           	4B68	0000	743

display.c estimated size: 17485

C:\Program Files (x86)\Microchip\xc8\v1.42\sources\common\awmod.c
		___awmod       		CODE           	6236	0000	113

C:\Program Files (x86)\Microchip\xc8\v1.42\sources\common\awmod.c estimated size: 113

C:\Program Files (x86)\Microchip\xc8\v1.42\sources\common\Umul16.c
		___wmul        		CODE           	6578	0000	39

C:\Program Files (x86)\Microchip\xc8\v1.42\sources\common\Umul16.c estimated size: 39

main.c
		_refresh       		CODE           	6662	0000	9
		_main          		CODE           	470A	0000	1119
		_wait2secs     		CODE           	65BA	0000	27

main.c estimated size: 1155

FT800.c
		_wr8s          		CODE           	6026	0000	143
		_rd16          		CODE           	62A6	0000	81
		_wr8           		CODE           	651A	0000	55
		_cmd_incrementn		CODE           	659E	0000	29
		_wr32          		CODE           	61BE	0000	121
		_host_command  		CODE           	65EE	0000	27
		_FT800_Init    		CODE           	5108	0000	667
		_wr16          		CODE           	6434	0000	61
		_cmd           		CODE           	64AA	0000	57

FT800.c estimated size: 1241

