Microchip MPLAB XC8 Compiler V1.42 ()

Linker command line:

-W-3 --edf=C:\Program Files (x86)\Microchip\xc8\v1.42\dat\en_msgs.txt -cs \
  -h+dist/default/production\R18_dashboard.X.production.sym \
  --cmf=dist/default/production\R18_dashboard.X.production.cmf -z \
  -Q18F46K80 -oC:\Users\FSAE\AppData\Local\Temp\s57c.2 \
  -Mdist/default/production/R18_dashboard.X.production.map -E1 -ver=XC8 \
  -ASTACK=081h-0e40h -pstack=STACK -ACODE=00h-0FFFFh -ACONST=00h-0FFFFh \
  -ASMALLCONST=0F00h-0FFFhx241 -AMEDIUMCONST=0F00h-0FFFFh -ACOMRAM=01h-05Fh \
  -AABS1=00h-0E40h -ABIGRAM=01h-0E40h \
  -ARAM=060h-0FFh,0100h-01FFhx13,0E00h-0E40h -ABANK0=060h-0FFh \
  -ABANK1=0100h-01FFh -ABANK2=0200h-02FFh -ABANK3=0300h-03FFh \
  -ABANK4=0400h-04FFh -ABANK5=0500h-05FFh -ABANK6=0600h-06FFh \
  -ABANK7=0700h-07FFh -ABANK8=0800h-08FFh -ABANK9=0900h-09FFh \
  -ABANK10=0A00h-0AFFh -ABANK11=0B00h-0BFFh -ABANK12=0C00h-0CFFh \
  -ABANK13=0D00h-0DFFh -ABANK14=0E00h-0E40h \
  -ASFR=0E41h-0EFFh,0F00h-0F5Fh,0F60h-0FFFh \
  -preset_vec=00h,intcode=08h,intcodelo,powerup,init -pramtop=0F00h \
  -psmallconst=SMALLCONST -pmediumconst=MEDIUMCONST -pconst=CONST \
  -AFARRAM=00h-00h -ACONFIG=0300000h-030000Dh -pconfig=CONFIG \
  -AIDLOC=0200000h-0200007h -pidloc=IDLOC -AEEDATA=0F00000h-0F003FFh \
  -peeprom_data=EEDATA \
  -prdata=COMRAM,nvrram=COMRAM,nvbit=COMRAM,rbss=COMRAM,rbit=COMRAM \
  -pfarbss=FARRAM,fardata=FARRAM,nvFARRAM=FARRAM \
  -pintsave_regs=BIGRAM,bigbss=BIGRAM,bigdata=BIGRAM -pbss=RAM \
  -pidata=CODE,irdata=CODE,ibigdata=CODE,ifardata=CODE -prparam=COMRAM \
  C:\Users\FSAE\AppData\Local\Temp\s57c.obj \
  dist/default/production\R18_dashboard.X.production.obj 

Object code version is 3.11

Machine type is 18F46K80

Call graph: (short form)




                Name                               Link     Load   Length Selector   Space Scale
C:\Users\FSAE\AppData\Local\Temp\s57c.obj
                init                                 8A       8A        4        4       0
                reset_vec                             0        0        4        0       0
                idloc                            200000   200000        8   200000       0
                config                           300000   300000        E   300000       0
dist/default/production\R18_dashboard.X.production.obj
                intcode                               8        8       82        4       0
                temp                                 50       50        1        1       1
                smallconst                          F00      F00       76      780       0
                text50                             69F0     69F0        8      7BB       0
                text49                             6A00     6A00        2      7BB       0
                text48                             68D2     68D2       28      7BB       0
                text46                             5ABE     5ABE      148      7BB       0
                text45                             6478     6478       86      7BB       0
                text44                             5736     5736      22A      7BB       0
                text43                             69BE     69BE       10      7BB       0
                text42                             6992     6992       1A      7BB       0
                text41                             666A     666A       50      7BB       0
                text40                             67B6     67B6       3C      7BB       0
                text39                             6582     6582       78      7BB       0
                text38                             689C     689C       36      7BB       0
                text37                             5206     5206      29A      7BB       0
                text36                             5EE4     5EE4       E6      7BB       0
                text35                             69FC     69FC        4      7BB       0
                text34                             69AC     69AC       12      7BB       0
                text33                             67F2     67F2       3A      7BB       0
                text32                             69CE     69CE        E      7BB       0
                text31                             69E6     69E6        A      7BB       0
                text30                             69F8     69F8        4      7BB       0
                text29                             677A     677A       3C      7BB       0
                text28                             6978     6978       1A      7BB       0
                text27                             69DC     69DC        A      7BB       0
                text26                             633C     633C       AE      7BB       0
                text25                             6864     6864       38      7BB       0
                text24                             64FE     64FE       84      7BB       0
                text23                             65FA     65FA       70      7BB       0
                text22                             6942     6942       1C      7BB       0
                text21                             682C     682C       38      7BB       0
                text20                             66FC     66FC       40      7BB       0
                text19                             63EA     63EA       8E      7BB       0
                text18                             4C66     4C66      2E6      7BB       0
                text17                             66BA     66BA       42      7BB       0
                text16                             4F4C     4F4C      2BA      7BB       0
                text15                             477C     477C      4EA      7BB       0
                text14                             38FA     38FA      E82      7BB       0
                text13                             245A     245A     14A0      7BB       0
                text12                             5960     5960      15E      7BB       0
                text11                             5CFE     5CFE       F4      7BB       0
                text10                             5DF2     5DF2       F2      7BB       0
                text9                              6192     6192       E4      7BB       0
                text8                              68FA     68FA       26      7BB       0
                text7                               F76      F76     14E4      7BB       0
                text6                              60AE     60AE       E4      7BB       0
                text5                              673C     673C       3E      7BB       0
                text4                              5FCA     5FCA       E4      7BB       0
                text3                              5C06     5C06       F8      7BB       0
                text2                              6276     6276       C6      7BB       0
                text1                              695E     695E       1A      7BB       0
                text0                              54A0     54A0      296      7BB       0
                cstackCOMRAM                          1        1       46        1       1
                cstackBANK0                          60       60       12       60       1
                bssBANK0                             72       72        F       60       1
                bssCOMRAM                            47       47        9        1       1
                cinit                              6920     6920       22      7BB       0

TOTAL           Name                               Link     Load   Length     Space
        CLASS   STACK          

        CLASS   CODE           
                intcode                               8        8       82         0
                init                                 8A       8A        4         0
                reset_vec                             0        0        4         0
                text50                             69F0     69F0        8         0
                text49                             6A00     6A00        2         0
                text48                             68D2     68D2       28         0
                text46                             5ABE     5ABE      148         0
                text45                             6478     6478       86         0
                text44                             5736     5736      22A         0
                text43                             69BE     69BE       10         0
                text42                             6992     6992       1A         0
                text41                             666A     666A       50         0
                text40                             67B6     67B6       3C         0
                text39                             6582     6582       78         0
                text38                             689C     689C       36         0
                text37                             5206     5206      29A         0
                text36                             5EE4     5EE4       E6         0
                text35                             69FC     69FC        4         0
                text34                             69AC     69AC       12         0
                text33                             67F2     67F2       3A         0
                text32                             69CE     69CE        E         0
                text31                             69E6     69E6        A         0
                text30                             69F8     69F8        4         0
                text29                             677A     677A       3C         0
                text28                             6978     6978       1A         0
                text27                             69DC     69DC        A         0
                text26                             633C     633C       AE         0
                text25                             6864     6864       38         0
                text24                             64FE     64FE       84         0
                text23                             65FA     65FA       70         0
                text22                             6942     6942       1C         0
                text21                             682C     682C       38         0
                text20                             66FC     66FC       40         0
                text19                             63EA     63EA       8E         0
                text18                             4C66     4C66      2E6         0
                text17                             66BA     66BA       42         0
                text16                             4F4C     4F4C      2BA         0
                text15                             477C     477C      4EA         0
                text14                             38FA     38FA      E82         0
                text13                             245A     245A     14A0         0
                text12                             5960     5960      15E         0
                text11                             5CFE     5CFE       F4         0
                text10                             5DF2     5DF2       F2         0
                text9                              6192     6192       E4         0
                text8                              68FA     68FA       26         0
                text7                               F76      F76     14E4         0
                text6                              60AE     60AE       E4         0
                text5                              673C     673C       3E         0
                text4                              5FCA     5FCA       E4         0
                text3                              5C06     5C06       F8         0
                text2                              6276     6276       C6         0
                text1                              695E     695E       1A         0
                text0                              54A0     54A0      296         0
                cinit                              6920     6920       22         0

        CLASS   CONST          

        CLASS   SMALLCONST     
                smallconst                          F00      F00       76         0

        CLASS   MEDIUMCONST    

        CLASS   COMRAM         
                temp                                 50       50        1         1
                cstackCOMRAM                          1        1       46         1
                bssCOMRAM                            47       47        9         1

        CLASS   ABS1           

        CLASS   BIGRAM         

        CLASS   RAM            

        CLASS   BANK0          
                cstackBANK0                          60       60       12         1
                bssBANK0                             72       72        F         1

        CLASS   BANK1          

        CLASS   BANK2          

        CLASS   BANK3          

        CLASS   BANK4          

        CLASS   BANK5          

        CLASS   BANK6          

        CLASS   BANK7          

        CLASS   BANK8          

        CLASS   BANK9          

        CLASS   BANK10         

        CLASS   BANK11         

        CLASS   BANK12         

        CLASS   BANK13         

        CLASS   BANK14         

        CLASS   SFR            

        CLASS   FARRAM         

        CLASS   CONFIG         
                config                           300000   300000        E         0

        CLASS   IDLOC          
                idloc                            200000   200000        8         0

        CLASS   EEDATA         



SEGMENTS        Name                           Load    Length   Top    Selector   Space  Class

                reset_vec                      000000  000004  000004         0       0  CODE    
                cstackCOMRAM                   000001  000050  000051         1       1  COMRAM  
                intcode                        000008  000086  00008E         4       0  CODE    
                cstackBANK0                    000060  000021  000081        60       1  BANK0   
                smallconst                     000F00  000076  000F76       780       0  SMALLCON
                text7                          000F76  005A8C  006A02       7BB       0  CODE    
                idloc                          200000  000008  200008    200000       0  IDLOC   
                config                         300000  00000E  30000E    300000       0  CONFIG  


UNUSED ADDRESS RANGES

        Name                Unused          Largest block    Delta
        BANK0            000081-0000FF               7F
        BANK1            000100-0001FF              100
        BANK10           000A00-000AFF              100
        BANK11           000B00-000BFF              100
        BANK12           000C00-000CFF              100
        BANK13           000D00-000DFF              100
        BANK14           000E00-000E40               41
        BANK2            000200-0002FF              100
        BANK3            000300-0003FF              100
        BANK4            000400-0004FF              100
        BANK5            000500-0005FF              100
        BANK6            000600-0006FF              100
        BANK7            000700-0007FF              100
        BANK8            000800-0008FF              100
        BANK9            000900-0009FF              100
        BIGRAM           000051-00005F                F
                         000081-000E40              DC0
        CODE             000004-000007                4
                         00008E-000EFF              E72
                         006A02-00FFFF             95FE
        COMRAM           000051-00005F                F
        CONST            000004-000007                4
                         00008E-000EFF              E72
                         006A02-00FFFF             95FE
        EEDATA           F00000-F003FF              400
        MEDIUMCONST      006A02-00FFFF             95FE
        RAM              000081-000E40              100
        SFR              000E41-000FFF               BF
        SMALLCONST       006A02-00FFFF              100
        STACK            000081-000E40              DC0

                                  Symbol Table

?___awdiv                                          cstackCOMRAM 00000F
?___awmod                                          cstackCOMRAM 000017
?___awtoft                                         cstackCOMRAM 000017
?___ftpack                                         cstackCOMRAM 00000F
?___fttol                                          cstackCOMRAM 00000F
?___wmul                                           cstackCOMRAM 00000F
?_convertReg2ExtendedCANid                         cstackCOMRAM 00000F
?_convertReg2StandardCANid                         cstackCOMRAM 00000F
?_rd16                                             cstackCOMRAM 000010
?_strlen                                           cstackCOMRAM 00000F
CAN_receive@returnValue                            cstackCOMRAM 000024
CAN_receive@tempCanMsg                             cstackCOMRAM 000022
SPI_Exchange8bit@data                              cstackCOMRAM 00000F
TMR1_SetInterruptHandler@InterruptHandler          cstackCOMRAM 00000F
_ANCON0                                            (abs)        000F5D
_ANCON1                                            (abs)        000F5C
_BRGCON1                                           (abs)        000E43
_BRGCON2                                           (abs)        000E44
_BRGCON3                                           (abs)        000E45
_CANCON                                            (abs)        000F6F
_CANSTAT                                           (abs)        000F6E
_CAN_receive                                       text44       005736
_CIOCONbits                                        (abs)        000F70
_COMSTATbits                                       (abs)        000F71
_ECANCON                                           (abs)        000F72
_ECAN_Initialize                                   text36       005EE4
_FT800_Init                                        text37       005206
_INTCONbits                                        (abs)        000FF2
_INTERRUPT_Initialize                              text35       0069FC
_INTERRUPT_InterruptManager                        intcode      000008
_LATA                                              (abs)        000F89
_LATAbits                                          (abs)        000F89
_LATB                                              (abs)        000F8A
_LATBbits                                          (abs)        000F8A
_LATC                                              (abs)        000F8B
_LATCbits                                          (abs)        000F8B
_LATD                                              (abs)        000F8C
_LATDbits                                          (abs)        000F8C
_LATE                                              (abs)        000F8D
_OSCCON                                            (abs)        000FD3
_OSCCON2                                           (abs)        000FD2
_OSCILLATOR_Initialize                             text34       0069AC
_OSCTUNE                                           (abs)        000F9B
_PIE1bits                                          (abs)        000F9D
_PIE5bits                                          (abs)        000F76
_PIN_MANAGER_Initialize                            text33       0067F2
_PIR1bits                                          (abs)        000F9E
_PIR5bits                                          (abs)        000F77
_RCONbits                                          (abs)        000FD0
_REFOCON                                           (abs)        000F9A
_RXB0CONbits                                       (abs)        000F60
_RXB0D0                                            (abs)        000F66
_RXB0D1                                            (abs)        000F67
_RXB0D2                                            (abs)        000F68
_RXB0D3                                            (abs)        000F69
_RXB0D4                                            (abs)        000F6A
_RXB0D5                                            (abs)        000F6B
_RXB0D6                                            (abs)        000F6C
_RXB0D7                                            (abs)        000F6D
_RXB0DLC                                           (abs)        000F65
_RXB0EIDH                                          (abs)        000F63
_RXB0EIDL                                          (abs)        000F64
_RXB0SIDH                                          (abs)        000F61
_RXB0SIDL                                          (abs)        000F62
_RXB1CONbits                                       (abs)        000F30
_RXB1D0                                            (abs)        000F36
_RXB1D1                                            (abs)        000F37
_RXB1D2                                            (abs)        000F38
_RXB1D3                                            (abs)        000F39
_RXB1D4                                            (abs)        000F3A
_RXB1D5                                            (abs)        000F3B
_RXB1D6                                            (abs)        000F3C
_RXB1D7                                            (abs)        000F3D
_RXB1DLC                                           (abs)        000F35
_RXB1EIDH                                          (abs)        000F33
_RXB1EIDL                                          (abs)        000F34
_RXB1SIDH                                          (abs)        000F31
_RXB1SIDL                                          (abs)        000F32
_RXF0EIDH                                          (abs)        000EE2
_RXF0EIDL                                          (abs)        000EE3
_RXF0SIDH                                          (abs)        000EE0
_RXF0SIDL                                          (abs)        000EE1
_RXF1EIDH                                          (abs)        000EE6
_RXF1EIDL                                          (abs)        000EE7
_RXF1SIDH                                          (abs)        000EE4
_RXF1SIDL                                          (abs)        000EE5
_RXF2EIDH                                          (abs)        000EEA
_RXF2EIDL                                          (abs)        000EEB
_RXF2SIDH                                          (abs)        000EE8
_RXF2SIDL                                          (abs)        000EE9
_RXF3EIDH                                          (abs)        000EEE
_RXF3EIDL                                          (abs)        000EEF
_RXF3SIDH                                          (abs)        000EEC
_RXF3SIDL                                          (abs)        000EED
_RXF4EIDH                                          (abs)        000EF2
_RXF4EIDL                                          (abs)        000EF3
_RXF4SIDH                                          (abs)        000EF0
_RXF4SIDL                                          (abs)        000EF1
_RXF5EIDH                                          (abs)        000EF6
_RXF5EIDL                                          (abs)        000EF7
_RXF5SIDH                                          (abs)        000EF4
_RXF5SIDL                                          (abs)        000EF5
_RXM0EIDH                                          (abs)        000EFA
_RXM0EIDL                                          (abs)        000EFB
_RXM0SIDH                                          (abs)        000EF8
_RXM0SIDL                                          (abs)        000EF9
_RXM1EIDH                                          (abs)        000EFE
_RXM1EIDL                                          (abs)        000EFF
_RXM1SIDH                                          (abs)        000EFC
_RXM1SIDL                                          (abs)        000EFD
_SPI_Exchange8bit                                  text43       0069BE
_SPI_Initialize                                    text32       0069CE
_SSPADD                                            (abs)        000FC8
_SSPBUF                                            (abs)        000FC9
_SSPCON1                                           (abs)        000FC6
_SSPCON1bits                                       (abs)        000FC6
_SSPSTAT                                           (abs)        000FC7
_SSPSTATbits                                       (abs)        000FC7
_SYSTEM_Initialize                                 text28       006978
_T1CON                                             (abs)        000FCD
_T1CONbits                                         (abs)        000FCD
_T1GCON                                            (abs)        000FAA
_T1GCONbits                                        (abs)        000FAA
_TMR1H                                             (abs)        000FCF
_TMR1L                                             (abs)        000FCE
_TMR1_DefaultInterruptHandler                      text49       006A00
_TMR1_ISR                                          text48       0068D2
_TMR1_Initialize                                   text29       00677A
_TMR1_InterruptHandler                             bssCOMRAM    000047
_TMR1_Reload                                       text27       0069DC
_TMR1_SetInterruptHandler                          text31       0069E6
_TMR1_StartTimer                                   text30       0069F8
_TRISA                                             (abs)        000F92
_TRISB                                             (abs)        000F93
_TRISC                                             (abs)        000F94
_TRISD                                             (abs)        000F95
_TRISE                                             (abs)        000F96
_TXB0CONbits                                       (abs)        000F20
_TXB0D0                                            (abs)        000F26
_TXB0D1                                            (abs)        000F27
_TXB0D2                                            (abs)        000F28
_TXB0D3                                            (abs)        000F29
_TXB0D4                                            (abs)        000F2A
_TXB0D5                                            (abs)        000F2B
_TXB0D6                                            (abs)        000F2C
_TXB0D7                                            (abs)        000F2D
_TXB0DLC                                           (abs)        000F25
_TXB0EIDH                                          (abs)        000F23
_TXB0EIDL                                          (abs)        000F24
_TXB0SIDH                                          (abs)        000F21
_TXB0SIDL                                          (abs)        000F22
_TXB1CONbits                                       (abs)        000F10
_TXB1D0                                            (abs)        000F16
_TXB1D1                                            (abs)        000F17
_TXB1D2                                            (abs)        000F18
_TXB1D3                                            (abs)        000F19
_TXB1D4                                            (abs)        000F1A
_TXB1D5                                            (abs)        000F1B
_TXB1D6                                            (abs)        000F1C
_TXB1D7                                            (abs)        000F1D
_TXB1DLC                                           (abs)        000F15
_TXB1EIDH                                          (abs)        000F13
_TXB1EIDL                                          (abs)        000F14
_TXB1SIDH                                          (abs)        000F11
_TXB1SIDL                                          (abs)        000F12
_TXB2CONbits                                       (abs)        000F00
_TXB2D0                                            (abs)        000F06
_TXB2D1                                            (abs)        000F07
_TXB2D2                                            (abs)        000F08
_TXB2D3                                            (abs)        000F09
_TXB2D4                                            (abs)        000F0A
_TXB2D5                                            (abs)        000F0B
_TXB2D6                                            (abs)        000F0C
_TXB2D7                                            (abs)        000F0D
_TXB2DLC                                           (abs)        000F05
_TXB2EIDH                                          (abs)        000F03
_TXB2EIDL                                          (abs)        000F04
_TXB2SIDH                                          (abs)        000F01
_TXB2SIDL                                          (abs)        000F02
_WPUB                                              (abs)        000F5B
__CFG_BBSIZ$BB2K                                   (abs)        000000
__CFG_BOREN$SBORDIS                                (abs)        000000
__CFG_BORPWR$ZPBORMV                               (abs)        000000
__CFG_BORV$3                                       (abs)        000000
__CFG_CANMX$PORTB                                  (abs)        000000
__CFG_CP0$OFF                                      (abs)        000000
__CFG_CP1$OFF                                      (abs)        000000
__CFG_CP2$OFF                                      (abs)        000000
__CFG_CP3$OFF                                      (abs)        000000
__CFG_CPB$OFF                                      (abs)        000000
__CFG_CPD$OFF                                      (abs)        000000
__CFG_EBTR0$OFF                                    (abs)        000000
__CFG_EBTR1$OFF                                    (abs)        000000
__CFG_EBTR2$OFF                                    (abs)        000000
__CFG_EBTR3$OFF                                    (abs)        000000
__CFG_EBTRB$OFF                                    (abs)        000000
__CFG_FCMEN$OFF                                    (abs)        000000
__CFG_FOSC$HS2                                     (abs)        000000
__CFG_IESO$OFF                                     (abs)        000000
__CFG_INTOSCSEL$HIGH                               (abs)        000000
__CFG_MCLRE$ON                                     (abs)        000000
__CFG_MSSPMSK$MSK7                                 (abs)        000000
__CFG_PLLCFG$ON                                    (abs)        000000
__CFG_PWRTEN$OFF                                   (abs)        000000
__CFG_RETEN$OFF                                    (abs)        000000
__CFG_SOSCSEL$DIG                                  (abs)        000000
__CFG_STVREN$ON                                    (abs)        000000
__CFG_WDTEN$OFF                                    (abs)        000000
__CFG_WDTPS$1048576                                (abs)        000000
__CFG_WRT0$OFF                                     (abs)        000000
__CFG_WRT1$OFF                                     (abs)        000000
__CFG_WRT2$OFF                                     (abs)        000000
__CFG_WRT3$OFF                                     (abs)        000000
__CFG_WRTB$OFF                                     (abs)        000000
__CFG_WRTC$OFF                                     (abs)        000000
__CFG_WRTD$OFF                                     (abs)        000000
__CFG_XINST$OFF                                    (abs)        000000
__HRAM                                             (abs)        000000
__Habs1                                            abs1         000000
__Hbank0                                           bank0        000000
__Hbank1                                           bank1        000000
__Hbank10                                          bank10       000000
__Hbank11                                          bank11       000000
__Hbank12                                          bank12       000000
__Hbank13                                          bank13       000000
__Hbank14                                          bank14       000000
__Hbank2                                           bank2        000000
__Hbank3                                           bank3        000000
__Hbank4                                           bank4        000000
__Hbank5                                           bank5        000000
__Hbank6                                           bank6        000000
__Hbank7                                           bank7        000000
__Hbank8                                           bank8        000000
__Hbank9                                           bank9        000000
__Hbigbss                                          bigbss       000000
__Hbigdata                                         bigdata      000000
__Hbigram                                          bigram       000000
__Hbss                                             bss          000000
__HbssBANK0                                        bssBANK0     000000
__HbssCOMRAM                                       bssCOMRAM    000000
__Hcinit                                           cinit        000000
__Hclrtext                                         clrtext      000000
__Hcomram                                          comram       000000
__Hconfig                                          config       30000E
__Hconst                                           const        000000
__HcstackBANK0                                     cstackBANK0  000000
__HcstackCOMRAM                                    cstackCOMRAM 000000
__Hdata                                            data         000000
__Heeprom_data                                     eeprom_data  000000
__Hfarbss                                          farbss       000000
__Hfardata                                         fardata      000000
__Hibigdata                                        ibigdata     000000
__Hidata                                           idata        000000
__Hidloc                                           idloc        200008
__Hifardata                                        ifardata     000000
__Hinit                                            init         00008E
__Hintcode                                         intcode      00008A
__Hintcode_body                                    intcode_body 000000
__Hintcodelo                                       intcodelo    00008A
__Hintentry                                        intentry     000000
__Hintret                                          intret       000000
__Hintsave_regs                                    intsave_regs 000000
__Hirdata                                          irdata       000000
__Hmediumconst                                     mediumconst  000000
__HnvFARRAM                                        nvFARRAM     000000
__Hnvbit                                           nvbit        000000
__Hnvrram                                          nvrram       000000
__Hparam                                           rparam       000000
__Hpowerup                                         powerup      00008A
__Hram                                             ram          000000
__Hramtop                                          ramtop       000F00
__Hrbit                                            rbit         000000
__Hrbss                                            rbss         000000
__Hrdata                                           rdata        000000
__Hreset_vec                                       reset_vec    000004
__Hrparam                                          rparam       000000
__Hsfr                                             sfr          000000
__Hsmallconst                                      smallconst   000F76
__Hspace_0                                         (abs)        30000E
__Hspace_1                                         (abs)        000081
__Hspace_2                                         (abs)        000000
__Hstack                                           stack        000000
__Hstruct                                          struct       000000
__Htemp                                            temp         000051
__Htext                                            text         000000
__Htext0                                           text0        000000
__Htext1                                           text1        000000
__Htext10                                          text10       000000
__Htext11                                          text11       000000
__Htext12                                          text12       000000
__Htext13                                          text13       000000
__Htext14                                          text14       000000
__Htext15                                          text15       000000
__Htext16                                          text16       000000
__Htext17                                          text17       000000
__Htext18                                          text18       000000
__Htext19                                          text19       000000
__Htext2                                           text2        000000
__Htext20                                          text20       000000
__Htext21                                          text21       000000
__Htext22                                          text22       000000
__Htext23                                          text23       000000
__Htext24                                          text24       000000
__Htext25                                          text25       000000
__Htext26                                          text26       000000
__Htext27                                          text27       000000
__Htext28                                          text28       000000
__Htext29                                          text29       000000
__Htext3                                           text3        000000
__Htext30                                          text30       000000
__Htext31                                          text31       000000
__Htext32                                          text32       000000
__Htext33                                          text33       000000
__Htext34                                          text34       000000
__Htext35                                          text35       000000
__Htext36                                          text36       000000
__Htext37                                          text37       000000
__Htext38                                          text38       000000
__Htext39                                          text39       000000
__Htext4                                           text4        000000
__Htext40                                          text40       000000
__Htext41                                          text41       000000
__Htext42                                          text42       000000
__Htext43                                          text43       000000
__Htext44                                          text44       000000
__Htext45                                          text45       000000
__Htext46                                          text46       000000
__Htext48                                          text48       000000
__Htext49                                          text49       000000
__Htext5                                           text5        000000
__Htext50                                          text50       000000
__Htext51                                          text51       000000
__Htext6                                           text6        000000
__Htext7                                           text7        000000
__Htext8                                           text8        000000
__Htext9                                           text9        000000
__LRAM                                             (abs)        000001
__Labs1                                            abs1         000000
__Lbank0                                           bank0        000000
__Lbank1                                           bank1        000000
__Lbank10                                          bank10       000000
__Lbank11                                          bank11       000000
__Lbank12                                          bank12       000000
__Lbank13                                          bank13       000000
__Lbank14                                          bank14       000000
__Lbank2                                           bank2        000000
__Lbank3                                           bank3        000000
__Lbank4                                           bank4        000000
__Lbank5                                           bank5        000000
__Lbank6                                           bank6        000000
__Lbank7                                           bank7        000000
__Lbank8                                           bank8        000000
__Lbank9                                           bank9        000000
__Lbigbss                                          bigbss       000000
__Lbigdata                                         bigdata      000000
__Lbigram                                          bigram       000000
__Lbss                                             bss          000000
__LbssBANK0                                        bssBANK0     000000
__LbssCOMRAM                                       bssCOMRAM    000000
__Lcinit                                           cinit        000000
__Lclrtext                                         clrtext      000000
__Lcomram                                          comram       000000
__Lconfig                                          config       300000
__Lconst                                           const        000000
__LcstackBANK0                                     cstackBANK0  000000
__LcstackCOMRAM                                    cstackCOMRAM 000000
__Ldata                                            data         000000
__Leeprom_data                                     eeprom_data  000000
__Lfarbss                                          farbss       000000
__Lfardata                                         fardata      000000
__Libigdata                                        ibigdata     000000
__Lidata                                           idata        000000
__Lidloc                                           idloc        200000
__Lifardata                                        ifardata     000000
__Linit                                            init         00008A
__Lintcode                                         intcode      000008
__Lintcode_body                                    intcode_body 000000
__Lintcodelo                                       intcodelo    00008A
__Lintentry                                        intentry     000000
__Lintret                                          intret       000000
__Lintsave_regs                                    intsave_regs 000000
__Lirdata                                          irdata       000000
__Lmediumconst                                     mediumconst  000000
__LnvFARRAM                                        nvFARRAM     000000
__Lnvbit                                           nvbit        000000
__Lnvrram                                          nvrram       000000
__Lparam                                           rparam       000000
__Lpowerup                                         powerup      00008A
__Lram                                             ram          000000
__Lramtop                                          ramtop       000F00
__Lrbit                                            rbit         000000
__Lrbss                                            rbss         000000
__Lrdata                                           rdata        000000
__Lreset_vec                                       reset_vec    000000
__Lrparam                                          rparam       000000
__Lsfr                                             sfr          000000
__Lsmallconst                                      smallconst   000F00
__Lspace_0                                         (abs)        000000
__Lspace_1                                         (abs)        000000
__Lspace_2                                         (abs)        000000
__Lstack                                           stack        000000
__Lstruct                                          struct       000000
__Ltemp                                            temp         000050
__Ltext                                            text         000000
__Ltext0                                           text0        000000
__Ltext1                                           text1        000000
__Ltext10                                          text10       000000
__Ltext11                                          text11       000000
__Ltext12                                          text12       000000
__Ltext13                                          text13       000000
__Ltext14                                          text14       000000
__Ltext15                                          text15       000000
__Ltext16                                          text16       000000
__Ltext17                                          text17       000000
__Ltext18                                          text18       000000
__Ltext19                                          text19       000000
__Ltext2                                           text2        000000
__Ltext20                                          text20       000000
__Ltext21                                          text21       000000
__Ltext22                                          text22       000000
__Ltext23                                          text23       000000
__Ltext24                                          text24       000000
__Ltext25                                          text25       000000
__Ltext26                                          text26       000000
__Ltext27                                          text27       000000
__Ltext28                                          text28       000000
__Ltext29                                          text29       000000
__Ltext3                                           text3        000000
__Ltext30                                          text30       000000
__Ltext31                                          text31       000000
__Ltext32                                          text32       000000
__Ltext33                                          text33       000000
__Ltext34                                          text34       000000
__Ltext35                                          text35       000000
__Ltext36                                          text36       000000
__Ltext37                                          text37       000000
__Ltext38                                          text38       000000
__Ltext39                                          text39       000000
__Ltext4                                           text4        000000
__Ltext40                                          text40       000000
__Ltext41                                          text41       000000
__Ltext42                                          text42       000000
__Ltext43                                          text43       000000
__Ltext44                                          text44       000000
__Ltext45                                          text45       000000
__Ltext46                                          text46       000000
__Ltext48                                          text48       000000
__Ltext49                                          text49       000000
__Ltext5                                           text5        000000
__Ltext50                                          text50       000000
__Ltext51                                          text51       000000
__Ltext6                                           text6        000000
__Ltext7                                           text7        000000
__Ltext8                                           text8        000000
__Ltext9                                           text9        000000
__S0                                               (abs)        30000E
__S1                                               (abs)        000081
__S2                                               (abs)        000000
___awdiv                                           text24       0064FE
___awdiv@counter                                   cstackCOMRAM 000013
___awdiv@dividend                                  cstackCOMRAM 00000F
___awdiv@divisor                                   cstackCOMRAM 000011
___awdiv@quotient                                  cstackCOMRAM 000015
___awdiv@sign                                      cstackCOMRAM 000014
___awmod                                           text23       0065FA
___awmod@counter                                   cstackCOMRAM 00001B
___awmod@dividend                                  cstackCOMRAM 000017
___awmod@divisor                                   cstackCOMRAM 000019
___awmod@sign                                      cstackCOMRAM 00001C
___awtoft                                          text25       006864
___awtoft@c                                        cstackCOMRAM 000017
___awtoft@sign                                     cstackCOMRAM 00001A
___ftpack                                          text26       00633C
___ftpack@arg                                      cstackCOMRAM 00000F
___ftpack@exp                                      cstackCOMRAM 000012
___ftpack@sign                                     cstackCOMRAM 000013
___fttol                                           text11       005CFE
___fttol@exp1                                      cstackCOMRAM 00001D
___fttol@f1                                        cstackCOMRAM 00000F
___fttol@lval                                      cstackCOMRAM 000019
___fttol@sign1                                     cstackCOMRAM 000018
___inthi_sp                                        stack        000000
___intlo_sp                                        stack        000000
___param_bank                                      (abs)        000000
___rparam_used                                     (abs)        000001
___sp                                              stack        000000
___wmul                                            text8        0068FA
___wmul@multiplicand                               cstackCOMRAM 000011
___wmul@multiplier                                 cstackCOMRAM 00000F
___wmul@product                                    cstackCOMRAM 000013
__accesstop                                        (abs)        000060
__activetblptr                                     (abs)        000003
__end_of_CAN_receive                               text44       005960
__end_of_ECAN_Initialize                           text36       005FCA
__end_of_FT800_Init                                text37       0054A0
__end_of_INTERRUPT_Initialize                      text35       006A00
__end_of_INTERRUPT_InterruptManager                intcode      00008A
__end_of_OSCILLATOR_Initialize                     text34       0069BE
__end_of_PIN_MANAGER_Initialize                    text33       00682C
__end_of_SPI_Exchange8bit                          text43       0069CE
__end_of_SPI_Initialize                            text32       0069DC
__end_of_SYSTEM_Initialize                         text28       006992
__end_of_TMR1_DefaultInterruptHandler              text49       006A02
__end_of_TMR1_ISR                                  text48       0068FA
__end_of_TMR1_Initialize                           text29       0067B6
__end_of_TMR1_Reload                               text27       0069E6
__end_of_TMR1_SetInterruptHandler                  text31       0069F0
__end_of_TMR1_StartTimer                           text30       0069FC
__end_of___awdiv                                   text24       006582
__end_of___awmod                                   text23       00666A
__end_of___awtoft                                  text25       00689C
__end_of___ftpack                                  text26       0063EA
__end_of___fttol                                   text11       005DF2
__end_of___wmul                                    text8        006920
__end_of__initialization                           cinit        006938
__end_of_cmd                                       text21       006864
__end_of_cmd_incrementn                            text22       00695E
__end_of_convertReg2ExtendedCANid                  text46       005C06
__end_of_convertReg2StandardCANid                  text45       0064FE
__end_of_display                                   text2        00633C
__end_of_display_battery                           text18       004F4C
__end_of_display_end                               text17       0066FC
__end_of_display_fuel                              text16       005206
__end_of_display_gear                              text15       004C66
__end_of_display_labels                            text14       00477C
__end_of_display_laptime                           text13       0038FA
__end_of_display_message                           text12       005ABE
__end_of_display_oilPress                          text10       005EE4
__end_of_display_oilTemp                           text9        006276
__end_of_display_rpm                               text7        00245A
__end_of_display_speed                             text6        006192
__end_of_display_start                             text5        00677A
__end_of_display_tp                                text4        0060AE
__end_of_display_waterTemp                         text3        005CFE
__end_of_host_command                              text42       0069AC
__end_of_main                                      text0        005736
__end_of_rd16                                      text41       0066BA
__end_of_refresh                                   text50       0069F8
__end_of_strlen                                    text20       00673C
__end_of_wait2secs                                 text1        006978
__end_of_wr16                                      text40       0067F2
__end_of_wr32                                      text39       0065FA
__end_of_wr8                                       text38       0068D2
__end_of_wr8s                                      text19       006478
__initialization                                   cinit        006920
__mediumconst                                      mediumconst  000000
__pbssBANK0                                        bssBANK0     000072
__pbssCOMRAM                                       bssCOMRAM    000047
__pcinit                                           cinit        006920
__pcstackBANK0                                     cstackBANK0  000060
__pcstackCOMRAM                                    cstackCOMRAM 000001
__pintcode                                         intcode      000008
__psmallconst                                      smallconst   000F00
__ptext0                                           text0        0054A0
__ptext1                                           text1        00695E
__ptext10                                          text10       005DF2
__ptext11                                          text11       005CFE
__ptext12                                          text12       005960
__ptext13                                          text13       00245A
__ptext14                                          text14       0038FA
__ptext15                                          text15       00477C
__ptext16                                          text16       004F4C
__ptext17                                          text17       0066BA
__ptext18                                          text18       004C66
__ptext19                                          text19       0063EA
__ptext2                                           text2        006276
__ptext20                                          text20       0066FC
__ptext21                                          text21       00682C
__ptext22                                          text22       006942
__ptext23                                          text23       0065FA
__ptext24                                          text24       0064FE
__ptext25                                          text25       006864
__ptext26                                          text26       00633C
__ptext27                                          text27       0069DC
__ptext28                                          text28       006978
__ptext29                                          text29       00677A
__ptext3                                           text3        005C06
__ptext30                                          text30       0069F8
__ptext31                                          text31       0069E6
__ptext32                                          text32       0069CE
__ptext33                                          text33       0067F2
__ptext34                                          text34       0069AC
__ptext35                                          text35       0069FC
__ptext36                                          text36       005EE4
__ptext37                                          text37       005206
__ptext38                                          text38       00689C
__ptext39                                          text39       006582
__ptext4                                           text4        005FCA
__ptext40                                          text40       0067B6
__ptext41                                          text41       00666A
__ptext42                                          text42       006992
__ptext43                                          text43       0069BE
__ptext44                                          text44       005736
__ptext45                                          text45       006478
__ptext46                                          text46       005ABE
__ptext48                                          text48       0068D2
__ptext49                                          text49       006A00
__ptext5                                           text5        00673C
__ptext50                                          text50       0069F0
__ptext51                                          text51       000000
__ptext6                                           text6        0060AE
__ptext7                                           text7        000F76
__ptext8                                           text8        0068FA
__ptext9                                           text9        006192
__ramtop                                           ramtop       000F00
__size_of_CAN_receive                              (abs)        000000
__size_of_ECAN_Initialize                          (abs)        000000
__size_of_FT800_Init                               (abs)        000000
__size_of_INTERRUPT_Initialize                     (abs)        000000
__size_of_INTERRUPT_InterruptManager               (abs)        000000
__size_of_OSCILLATOR_Initialize                    (abs)        000000
__size_of_PIN_MANAGER_Initialize                   (abs)        000000
__size_of_SPI_Exchange8bit                         (abs)        000000
__size_of_SPI_Initialize                           (abs)        000000
__size_of_SYSTEM_Initialize                        (abs)        000000
__size_of_TMR1_DefaultInterruptHandler             (abs)        000000
__size_of_TMR1_ISR                                 (abs)        000000
__size_of_TMR1_Initialize                          (abs)        000000
__size_of_TMR1_Reload                              (abs)        000000
__size_of_TMR1_SetInterruptHandler                 (abs)        000000
__size_of_TMR1_StartTimer                          (abs)        000000
__size_of___awdiv                                  (abs)        000000
__size_of___awmod                                  (abs)        000000
__size_of___awtoft                                 (abs)        000000
__size_of___ftpack                                 (abs)        000000
__size_of___fttol                                  (abs)        000000
__size_of___wmul                                   (abs)        000000
__size_of_cmd                                      (abs)        000000
__size_of_cmd_incrementn                           (abs)        000000
__size_of_convertReg2ExtendedCANid                 (abs)        000000
__size_of_convertReg2StandardCANid                 (abs)        000000
__size_of_display                                  (abs)        000000
__size_of_display_battery                          (abs)        000000
__size_of_display_end                              (abs)        000000
__size_of_display_fuel                             (abs)        000000
__size_of_display_gear                             (abs)        000000
__size_of_display_labels                           (abs)        000000
__size_of_display_laptime                          (abs)        000000
__size_of_display_message                          (abs)        000000
__size_of_display_oilPress                         (abs)        000000
__size_of_display_oilTemp                          (abs)        000000
__size_of_display_rpm                              (abs)        000000
__size_of_display_speed                            (abs)        000000
__size_of_display_start                            (abs)        000000
__size_of_display_tp                               (abs)        000000
__size_of_display_waterTemp                        (abs)        000000
__size_of_host_command                             (abs)        000000
__size_of_main                                     (abs)        000000
__size_of_rd16                                     (abs)        000000
__size_of_refresh                                  (abs)        000000
__size_of_strlen                                   (abs)        000000
__size_of_wait2secs                                (abs)        000000
__size_of_wr16                                     (abs)        000000
__size_of_wr32                                     (abs)        000000
__size_of_wr8                                      (abs)        000000
__size_of_wr8s                                     (abs)        000000
__smallconst                                       smallconst   000F00
_canMessage                                        bssBANK0     000073
_can_msg_received                                  bssCOMRAM    00004F
_cmd                                               text21       00682C
_cmd_incrementn                                    text22       006942
_cmd_offset                                        bssCOMRAM    00004D
_convertReg2ExtendedCANid                          text46       005ABE
_convertReg2StandardCANid                          text45       006478
_display                                           text2        006276
_display_battery                                   text18       004C66
_display_end                                       text17       0066BA
_display_fuel                                      text16       004F4C
_display_gear                                      text15       00477C
_display_labels                                    text14       0038FA
_display_laptime                                   text13       00245A
_display_message                                   text12       005960
_display_oilPress                                  text10       005DF2
_display_oilTemp                                   text9        006192
_display_rpm                                       text7        000F76
_display_speed                                     text6        0060AE
_display_start                                     text5        00673C
_display_tp                                        text4        005FCA
_display_waterTemp                                 text3        005C06
_dli                                               bssCOMRAM    00004B
_host_command                                      text42       006992
_main                                              text0        0054A0
_rd16                                              text41       00666A
_refresh                                           text50       0069F0
_refresh_screen                                    bssBANK0     000072
_strlen                                            text20       0066FC
_timer1ReloadVal                                   bssCOMRAM    000049
_wait2secs                                         text1        00695E
_wr16                                              text40       0067B6
_wr32                                              text39       006582
_wr8                                               text38       00689C
_wr8s                                              text19       0063EA
btemp                                              temp         000050
cmd@command                                        cstackCOMRAM 00001E
cmd_incrementn@n                                   cstackCOMRAM 000011
convertReg2ExtendedCANid@CAN_standardLo_ID_hi3bits cstackCOMRAM 00001D
convertReg2ExtendedCANid@CAN_standardLo_ID_lo2bits cstackCOMRAM 00001C
convertReg2ExtendedCANid@ConvertedID               cstackCOMRAM 00001E
convertReg2ExtendedCANid@returnValue               cstackCOMRAM 000018
convertReg2ExtendedCANid@tempRXBn_EIDH             cstackCOMRAM 000017
convertReg2ExtendedCANid@tempRXBn_EIDL             cstackCOMRAM 00000F
convertReg2ExtendedCANid@tempRXBn_SIDH             cstackCOMRAM 000010
convertReg2ExtendedCANid@tempRXBn_SIDL             cstackCOMRAM 000011
convertReg2StandardCANid@ConvertedID               cstackCOMRAM 00001A
convertReg2StandardCANid@returnValue               cstackCOMRAM 000016
convertReg2StandardCANid@tempRXBn_SIDH             cstackCOMRAM 000015
convertReg2StandardCANid@tempRXBn_SIDL             cstackCOMRAM 00000F
display@battVolts                                  cstackCOMRAM 000043
display@engTemp                                    cstackCOMRAM 00003F
display@fuelP                                      cstackCOMRAM 000037
display@gear                                       cstackCOMRAM 00003D
display@oilP                                       cstackCOMRAM 000035
display@oilTemp                                    cstackCOMRAM 000041
display@rpm                                        cstackCOMRAM 000033
display@speed                                      cstackCOMRAM 00003B
display@tp                                         cstackCOMRAM 000039
display_battery@volts                              cstackCOMRAM 000025
display_fuel@level                                 cstackCOMRAM 000025
display_gear@gear                                  cstackCOMRAM 000025
display_labels@y_start                             cstackCOMRAM 000028
display_laptime@best                               cstackCOMRAM 000028
display_laptime@current                            cstackCOMRAM 000025
display_laptime@lap                                cstackCOMRAM 00002E
display_laptime@last                               cstackCOMRAM 00002B
display_message@message                            cstackCOMRAM 000025
display_oilPress@pressure                          cstackCOMRAM 000025
display_oilTemp@temp                               cstackCOMRAM 000025
display_rpm@first_digit                            cstackCOMRAM 00002E
display_rpm@rpm                                    cstackCOMRAM 000025
display_rpm@second_digit                           cstackCOMRAM 00002C
display_rpm@val                                    cstackCOMRAM 00002A
display_speed@speed                                cstackCOMRAM 000025
display_tp@tp                                      cstackCOMRAM 000025
display_waterTemp@temp                             cstackCOMRAM 000025
end_of_initialization                              cinit        006938
host_command@command                               cstackCOMRAM 000010
int$flags                                          temp         000050
intlevel0                                          text         000000
intlevel1                                          text         000000
intlevel2                                          text         000000
intlevel3                                          text         000000
main@battVolts                                     cstackBANK0  000070
main@engTemp                                       cstackBANK0  00006C
main@fuelP                                         cstackBANK0  000064
main@gear                                          cstackBANK0  00006A
main@oilP                                          cstackBANK0  000062
main@oilTemp                                       cstackBANK0  00006E
main@rpm                                           cstackBANK0  000060
main@speed                                         cstackBANK0  000068
main@tp                                            cstackBANK0  000066
rd16@addr                                          cstackCOMRAM 000010
rd16@temp                                          cstackCOMRAM 000016
stackhi                                            (abs)        000E40
stacklo                                            (abs)        000081
start                                              init         00008A
start_initialization                               cinit        006920
strlen@cp                                          cstackCOMRAM 000013
strlen@s                                           cstackCOMRAM 00000F
wr16@addr                                          cstackCOMRAM 000010
wr16@value                                         cstackCOMRAM 000013
wr32@addr                                          cstackCOMRAM 000010
wr32@value                                         cstackCOMRAM 000013
wr8@addr                                           cstackCOMRAM 000010
wr8@value                                          cstackCOMRAM 000013
wr8s@addr                                          cstackCOMRAM 000015
wr8s@i                                             cstackCOMRAM 00001E
wr8s@l                                             cstackCOMRAM 00001D
wr8s@s                                             cstackCOMRAM 000018


FUNCTION INFORMATION:

 *************** function _main *****************
 Defined at:
		line 41 in file "main.c"
 Parameters:    Size  Location     Type
		None
 Auto vars:     Size  Location     Type
  battVolts       2   16[BANK0 ] int 
  oilTemp         2   14[BANK0 ] int 
  engTemp         2   12[BANK0 ] int 
  gear            2   10[BANK0 ] int 
  speed           2    8[BANK0 ] int 
  tp              2    6[BANK0 ] int 
  fuelP           2    4[BANK0 ] int 
  oilP            2    2[BANK0 ] int 
  rpm             2    0[BANK0 ] int 
 Return value:  Size  Location     Type
                  1    wreg      void 
 Registers used:
		wreg, fsr2l, fsr2h, status,2, status,0, tblptrl, tblptrh, tblptru, prodl, prodh, cstack
 Tracked objects:
		On entry : 
		On exit  : 
		Unchanged: 
 Data sizes:     COMRAM   BANK0   BANK1   BANK2   BANK3   BANK4   BANK5   BANK6   BANK7   BANK8   BANK9  BANK10  BANK11  BANK12  BANK13  BANK14
      Params:         0       0       0       0       0       0       0       0       0       0       0       0       0       0       0       0
      Locals:         0      18       0       0       0       0       0       0       0       0       0       0       0       0       0       0
      Temps:          2       0       0       0       0       0       0       0       0       0       0       0       0       0       0       0
      Totals:         2      18       0       0       0       0       0       0       0       0       0       0       0       0       0       0
Total ram usage:       20 bytes
 Hardware stack levels required when called:    8
 This function calls:
		_CAN_receive
		_FT800_Init
		_SYSTEM_Initialize
		_TMR1_Reload
		_TMR1_SetInterruptHandler
		___awdiv
		_display
		_wait2secs
 This function is called by:
		Startup code after reset
 This function uses a non-reentrant model


 *************** function _wait2secs *****************
 Defined at:
		line 20 in file "main.c"
 Parameters:    Size  Location     Type
		None
 Auto vars:     Size  Location     Type
		None
 Return value:  Size  Location     Type
                  1    wreg      void 
 Registers used:
		wreg
 Tracked objects:
		On entry : 
		On exit  : 
		Unchanged: 
 Data sizes:     COMRAM   BANK0   BANK1   BANK2   BANK3   BANK4   BANK5   BANK6   BANK7   BANK8   BANK9  BANK10  BANK11  BANK12  BANK13  BANK14
      Params:         0       0       0       0       0       0       0       0       0       0       0       0       0       0       0       0
      Locals:         0       0       0       0       0       0       0       0       0       0       0       0       0       0       0       0
      Temps:          2       0       0       0       0       0       0       0       0       0       0       0       0       0       0       0
      Totals:         2       0       0       0       0       0       0       0       0       0       0       0       0       0       0       0
Total ram usage:        2 bytes
 Hardware stack levels used:    1
 Hardware stack levels required when called:    3
 This function calls:
		Nothing
 This function is called by:
		_main
 This function uses a non-reentrant model


 *************** function _display *****************
 Defined at:
		line 3 in file "display.c"
 Parameters:    Size  Location     Type
  rpm             2   50[COMRAM] int 
  oilP            2   52[COMRAM] int 
  fuelP           2   54[COMRAM] int 
  tp              2   56[COMRAM] int 
  speed           2   58[COMRAM] int 
  gear            2   60[COMRAM] int 
  engTemp         2   62[COMRAM] int 
  oilTemp         2   64[COMRAM] int 
  battVolts       2   66[COMRAM] int 
 Auto vars:     Size  Location     Type
		None
 Return value:  Size  Location     Type
                  1    wreg      void 
 Registers used:
		wreg, status,2, status,0, tblptrl, tblptrh, tblptru, prodl, prodh, cstack
 Tracked objects:
		On entry : 
		On exit  : 
		Unchanged: 
 Data sizes:     COMRAM   BANK0   BANK1   BANK2   BANK3   BANK4   BANK5   BANK6   BANK7   BANK8   BANK9  BANK10  BANK11  BANK12  BANK13  BANK14
      Params:        18       0       0       0       0       0       0       0       0       0       0       0       0       0       0       0
      Locals:         0       0       0       0       0       0       0       0       0       0       0       0       0       0       0       0
      Temps:          0       0       0       0       0       0       0       0       0       0       0       0       0       0       0       0
      Totals:        18       0       0       0       0       0       0       0       0       0       0       0       0       0       0       0
Total ram usage:       18 bytes
 Hardware stack levels used:    1
 Hardware stack levels required when called:    7
 This function calls:
		___awtoft
		_display_battery
		_display_end
		_display_fuel
		_display_gear
		_display_labels
		_display_laptime
		_display_message
		_display_oilPress
		_display_oilTemp
		_display_rpm
		_display_speed
		_display_start
		_display_tp
		_display_waterTemp
 This function is called by:
		_main
 This function uses a non-reentrant model


 *************** function _display_waterTemp *****************
 Defined at:
		line 124 in file "display.c"
 Parameters:    Size  Location     Type
  temp            2   36[COMRAM] int 
 Auto vars:     Size  Location     Type
		None
 Return value:  Size  Location     Type
                  1    wreg      void 
 Registers used:
		wreg, status,2, status,0, cstack
 Tracked objects:
		On entry : 
		On exit  : 
		Unchanged: 
 Data sizes:     COMRAM   BANK0   BANK1   BANK2   BANK3   BANK4   BANK5   BANK6   BANK7   BANK8   BANK9  BANK10  BANK11  BANK12  BANK13  BANK14
      Params:         2       0       0       0       0       0       0       0       0       0       0       0       0       0       0       0
      Locals:         0       0       0       0       0       0       0       0       0       0       0       0       0       0       0       0
      Temps:          3       0       0       0       0       0       0       0       0       0       0       0       0       0       0       0
      Totals:         5       0       0       0       0       0       0       0       0       0       0       0       0       0       0       0
Total ram usage:        5 bytes
 Hardware stack levels used:    1
 Hardware stack levels required when called:    6
 This function calls:
		_cmd
		_cmd_incrementn
		_wr16
 This function is called by:
		_display
 This function uses a non-reentrant model


 *************** function _display_tp *****************
 Defined at:
		line 149 in file "display.c"
 Parameters:    Size  Location     Type
  tp              2   36[COMRAM] int 
 Auto vars:     Size  Location     Type
		None
 Return value:  Size  Location     Type
                  1    wreg      void 
 Registers used:
		wreg, status,2, status,0, cstack
 Tracked objects:
		On entry : 
		On exit  : 
		Unchanged: 
 Data sizes:     COMRAM   BANK0   BANK1   BANK2   BANK3   BANK4   BANK5   BANK6   BANK7   BANK8   BANK9  BANK10  BANK11  BANK12  BANK13  BANK14
      Params:         2       0       0       0       0       0       0       0       0       0       0       0       0       0       0       0
      Locals:         0       0       0       0       0       0       0       0       0       0       0       0       0       0       0       0
      Temps:          3       0       0       0       0       0       0       0       0       0       0       0       0       0       0       0
      Totals:         5       0       0       0       0       0       0       0       0       0       0       0       0       0       0       0
Total ram usage:        5 bytes
 Hardware stack levels used:    1
 Hardware stack levels required when called:    6
 This function calls:
		_cmd
		_cmd_incrementn
		_wr16
 This function is called by:
		_display
 This function uses a non-reentrant model


 *************** function _display_start *****************
 Defined at:
		line 20 in file "display.c"
 Parameters:    Size  Location     Type
		None
 Auto vars:     Size  Location     Type
		None
 Return value:  Size  Location     Type
                  1    wreg      void 
 Registers used:
		wreg, status,2, status,0, cstack
 Tracked objects:
		On entry : 
		On exit  : 
		Unchanged: 
 Data sizes:     COMRAM   BANK0   BANK1   BANK2   BANK3   BANK4   BANK5   BANK6   BANK7   BANK8   BANK9  BANK10  BANK11  BANK12  BANK13  BANK14
      Params:         0       0       0       0       0       0       0       0       0       0       0       0       0       0       0       0
      Locals:         0       0       0       0       0       0       0       0       0       0       0       0       0       0       0       0
      Temps:          0       0       0       0       0       0       0       0       0       0       0       0       0       0       0       0
[...]
      Locals:         0       0       0       0       0       0       0       0       0       0       0       0       0       0       0       0
      Temps:          3       0       0       0       0       0       0       0       0       0       0       0       0       0       0       0
      Totals:         8       0       0       0       0       0       0       0       0       0       0       0       0       0       0       0
Total ram usage:        8 bytes
 Hardware stack levels used:    1
 Hardware stack levels required when called:    4
 This function calls:
		_SPI_Exchange8bit
 This function is called by:
		_display_end
		_display_labels
		_display_message
		_display_laptime
		_display_waterTemp
		_display_oilTemp
		_display_fuel
		_display_battery
		_display_oilPress
		_display_tp
		_display_speed
		_display_rpm
		_FT800_Init
 This function uses a non-reentrant model


 *************** function _rd16 *****************
 Defined at:
		line 72 in file "FT800.c"
 Parameters:    Size  Location     Type
  addr            3   15[COMRAM] unsigned um
 Auto vars:     Size  Location     Type
  temp            1   21[COMRAM] unsigned char 
 Return value:  Size  Location     Type
                  2   15[COMRAM] unsigned int 
 Registers used:
		wreg, status,2, cstack
 Tracked objects:
		On entry : 
		On exit  : 
		Unchanged: 
 Data sizes:     COMRAM   BANK0   BANK1   BANK2   BANK3   BANK4   BANK5   BANK6   BANK7   BANK8   BANK9  BANK10  BANK11  BANK12  BANK13  BANK14
      Params:         3       0       0       0       0       0       0       0       0       0       0       0       0       0       0       0
      Locals:         1       0       0       0       0       0       0       0       0       0       0       0       0       0       0       0
      Temps:          3       0       0       0       0       0       0       0       0       0       0       0       0       0       0       0
      Totals:         7       0       0       0       0       0       0       0       0       0       0       0       0       0       0       0
Total ram usage:        7 bytes
 Hardware stack levels used:    1
 Hardware stack levels required when called:    4
 This function calls:
		_SPI_Exchange8bit
 This function is called by:
		_FT800_Init
 This function uses a non-reentrant model


 *************** function _host_command *****************
 Defined at:
		line 8 in file "FT800.c"
 Parameters:    Size  Location     Type
  command         1    wreg     unsigned char 
 Auto vars:     Size  Location     Type
  command         1   15[COMRAM] unsigned char 
 Return value:  Size  Location     Type
                  1    wreg      void 
 Registers used:
		wreg, status,2, cstack
 Tracked objects:
		On entry : 
		On exit  : 
		Unchanged: 
 Data sizes:     COMRAM   BANK0   BANK1   BANK2   BANK3   BANK4   BANK5   BANK6   BANK7   BANK8   BANK9  BANK10  BANK11  BANK12  BANK13  BANK14
      Params:         0       0       0       0       0       0       0       0       0       0       0       0       0       0       0       0
      Locals:         1       0       0       0       0       0       0       0       0       0       0       0       0       0       0       0
      Temps:          0       0       0       0       0       0       0       0       0       0       0       0       0       0       0       0
      Totals:         1       0       0       0       0       0       0       0       0       0       0       0       0       0       0       0
Total ram usage:        1 bytes
 Hardware stack levels used:    1
 Hardware stack levels required when called:    4
 This function calls:
		_SPI_Exchange8bit
 This function is called by:
		_FT800_Init
 This function uses a non-reentrant model


 *************** function _SPI_Exchange8bit *****************
 Defined at:
		line 77 in file "mcc_generated_files/spi.c"
 Parameters:    Size  Location     Type
  data            1    wreg     unsigned char 
 Auto vars:     Size  Location     Type
  data            1   14[COMRAM] unsigned char 
 Return value:  Size  Location     Type
                  1    wreg      unsigned char 
 Registers used:
		wreg, status,2
 Tracked objects:
		On entry : 
		On exit  : 
		Unchanged: 
 Data sizes:     COMRAM   BANK0   BANK1   BANK2   BANK3   BANK4   BANK5   BANK6   BANK7   BANK8   BANK9  BANK10  BANK11  BANK12  BANK13  BANK14
      Params:         0       0       0       0       0       0       0       0       0       0       0       0       0       0       0       0
      Locals:         1       0       0       0       0       0       0       0       0       0       0       0       0       0       0       0
      Temps:          0       0       0       0       0       0       0       0       0       0       0       0       0       0       0       0
      Totals:         1       0       0       0       0       0       0       0       0       0       0       0       0       0       0       0
Total ram usage:        1 bytes
 Hardware stack levels used:    1
 Hardware stack levels required when called:    3
 This function calls:
		Nothing
 This function is called by:
		_host_command
		_wr8
		_wr16
		_wr32
		_wr8s
		_rd16
		_rd8
		_rd32
		_SPI_Exchange8bitBuffer
 This function uses a non-reentrant model


 *************** function _CAN_receive *****************
 Defined at:
		line 239 in file "mcc_generated_files/ecan.c"
 Parameters:    Size  Location     Type
  tempCanMsg      2   33[COMRAM] PTR struct .
		 -> canMessage(14), 
 Auto vars:     Size  Location     Type
  returnValue     1   35[COMRAM] unsigned char 
 Return value:  Size  Location     Type
                  1    wreg      unsigned char 
 Registers used:
		wreg, fsr2l, fsr2h, status,2, status,0, cstack
 Tracked objects:
		On entry : 
		On exit  : 
		Unchanged: 
 Data sizes:     COMRAM   BANK0   BANK1   BANK2   BANK3   BANK4   BANK5   BANK6   BANK7   BANK8   BANK9  BANK10  BANK11  BANK12  BANK13  BANK14
      Params:         2       0       0       0       0       0       0       0       0       0       0       0       0       0       0       0
      Locals:         1       0       0       0       0       0       0       0       0       0       0       0       0       0       0       0
      Temps:          0       0       0       0       0       0       0       0       0       0       0       0       0       0       0       0
      Totals:         3       0       0       0       0       0       0       0       0       0       0       0       0       0       0       0
Total ram usage:        3 bytes
 Hardware stack levels used:    1
 Hardware stack levels required when called:    4
 This function calls:
		_convertReg2ExtendedCANid
		_convertReg2StandardCANid
 This function is called by:
		_main
 This function uses a non-reentrant model


 *************** function _convertReg2StandardCANid *****************
 Defined at:
		line 385 in file "mcc_generated_files/ecan.c"
 Parameters:    Size  Location     Type
  tempRXBn_SID    1    wreg     unsigned char 
  tempRXBn_SID    1   14[COMRAM] unsigned char 
 Auto vars:     Size  Location     Type
  tempRXBn_SID    1   20[COMRAM] unsigned char 
  ConvertedID     4   25[COMRAM] unsigned long 
  returnValue     4   21[COMRAM] unsigned long 
 Return value:  Size  Location     Type
                  4   14[COMRAM] unsigned long 
 Registers used:
		wreg, status,2, status,0
 Tracked objects:
		On entry : 
		On exit  : 
		Unchanged: 
 Data sizes:     COMRAM   BANK0   BANK1   BANK2   BANK3   BANK4   BANK5   BANK6   BANK7   BANK8   BANK9  BANK10  BANK11  BANK12  BANK13  BANK14
      Params:         4       0       0       0       0       0       0       0       0       0       0       0       0       0       0       0
      Locals:         9       0       0       0       0       0       0       0       0       0       0       0       0       0       0       0
      Temps:          2       0       0       0       0       0       0       0       0       0       0       0       0       0       0       0
      Totals:        15       0       0       0       0       0       0       0       0       0       0       0       0       0       0       0
Total ram usage:       15 bytes
 Hardware stack levels used:    1
 Hardware stack levels required when called:    3
 This function calls:
		Nothing
 This function is called by:
		_CAN_receive
 This function uses a non-reentrant model


 *************** function _convertReg2ExtendedCANid *****************
 Defined at:
		line 365 in file "mcc_generated_files/ecan.c"
 Parameters:    Size  Location     Type
  tempRXBn_EID    1    wreg     unsigned char 
  tempRXBn_EID    1   14[COMRAM] unsigned char 
  tempRXBn_SID    1   15[COMRAM] unsigned char 
  tempRXBn_SID    1   16[COMRAM] unsigned char 
 Auto vars:     Size  Location     Type
  tempRXBn_EID    1   22[COMRAM] unsigned char 
  ConvertedID     4   29[COMRAM] unsigned long 
  returnValue     4   23[COMRAM] unsigned long 
  CAN_standard    1   28[COMRAM] unsigned char 
  CAN_standard    1   27[COMRAM] unsigned char 
 Return value:  Size  Location     Type
                  4   14[COMRAM] unsigned long 
 Registers used:
		wreg, status,2, status,0
 Tracked objects:
		On entry : 
		On exit  : 
		Unchanged: 
 Data sizes:     COMRAM   BANK0   BANK1   BANK2   BANK3   BANK4   BANK5   BANK6   BANK7   BANK8   BANK9  BANK10  BANK11  BANK12  BANK13  BANK14
      Params:         4       0       0       0       0       0       0       0       0       0       0       0       0       0       0       0
      Locals:        11       0       0       0       0       0       0       0       0       0       0       0       0       0       0       0
      Temps:          4       0       0       0       0       0       0       0       0       0       0       0       0       0       0       0
      Totals:        19       0       0       0       0       0       0       0       0       0       0       0       0       0       0       0
Total ram usage:       19 bytes
 Hardware stack levels used:    1
 Hardware stack levels required when called:    3
 This function calls:
		Nothing
 This function is called by:
		_CAN_receive
 This function uses a non-reentrant model


 *************** function _INTERRUPT_InterruptManager *****************
 Defined at:
		line 57 in file "mcc_generated_files/interrupt_manager.c"
 Parameters:    Size  Location     Type
		None
 Auto vars:     Size  Location     Type
		None
 Return value:  Size  Location     Type
                  1    wreg      void 
 Registers used:
		wreg, status,2, status,0, pclath, tosl, cstack
 Tracked objects:
		On entry : 
		On exit  : 
		Unchanged: 
 Data sizes:     COMRAM   BANK0   BANK1   BANK2   BANK3   BANK4   BANK5   BANK6   BANK7   BANK8   BANK9  BANK10  BANK11  BANK12  BANK13  BANK14
      Params:         0       0       0       0       0       0       0       0       0       0       0       0       0       0       0       0
      Locals:         0       0       0       0       0       0       0       0       0       0       0       0       0       0       0       0
      Temps:         14       0       0       0       0       0       0       0       0       0       0       0       0       0       0       0
      Totals:        14       0       0       0       0       0       0       0       0       0       0       0       0       0       0       0
Total ram usage:       14 bytes
 Hardware stack levels used:    1
 Hardware stack levels required when called:    2
 This function calls:
		_TMR1_ISR
 This function is called by:
		Interrupt level 2
 This function uses a non-reentrant model


 *************** function _TMR1_ISR *****************
 Defined at:
		line 160 in file "mcc_generated_files/tmr1.c"
 Parameters:    Size  Location     Type
		None
 Auto vars:     Size  Location     Type
		None
 Return value:  Size  Location     Type
                  1    wreg      void 
 Registers used:
		wreg, status,2, status,0, pclath, tosl, cstack
 Tracked objects:
		On entry : 
		On exit  : 
		Unchanged: 
 Data sizes:     COMRAM   BANK0   BANK1   BANK2   BANK3   BANK4   BANK5   BANK6   BANK7   BANK8   BANK9  BANK10  BANK11  BANK12  BANK13  BANK14
      Params:         0       0       0       0       0       0       0       0       0       0       0       0       0       0       0       0
      Locals:         0       0       0       0       0       0       0       0       0       0       0       0       0       0       0       0
      Temps:          0       0       0       0       0       0       0       0       0       0       0       0       0       0       0       0
      Totals:         0       0       0       0       0       0       0       0       0       0       0       0       0       0       0       0
Total ram usage:        0 bytes
 Hardware stack levels used:    1
 Hardware stack levels required when called:    1
 This function calls:
		Absolute function
		_TMR1_DefaultInterruptHandler
		_refresh
 This function is called by:
		_INTERRUPT_InterruptManager
 This function uses a non-reentrant model


 *************** function _TMR1_DefaultInterruptHandler *****************
 Defined at:
		line 180 in file "mcc_generated_files/tmr1.c"
 Parameters:    Size  Location     Type
		None
 Auto vars:     Size  Location     Type
		None
 Return value:  Size  Location     Type
                  1    wreg      void 
 Registers used:
		None
 Tracked objects:
		On entry : 
		On exit  : 
		Unchanged: 
 Data sizes:     COMRAM   BANK0   BANK1   BANK2   BANK3   BANK4   BANK5   BANK6   BANK7   BANK8   BANK9  BANK10  BANK11  BANK12  BANK13  BANK14
      Params:         0       0       0       0       0       0       0       0       0       0       0       0       0       0       0       0
      Locals:         0       0       0       0       0       0       0       0       0       0       0       0       0       0       0       0
      Temps:          0       0       0       0       0       0       0       0       0       0       0       0       0       0       0       0
      Totals:         0       0       0       0       0       0       0       0       0       0       0       0       0       0       0       0
Total ram usage:        0 bytes
 Hardware stack levels used:    1
 This function calls:
		Nothing
 This function is called by:
		_TMR1_Initialize
		_TMR1_ISR
 This function uses a non-reentrant model


 *************** function _refresh *****************
 Defined at:
		line 37 in file "main.c"
 Parameters:    Size  Location     Type
		None
 Auto vars:     Size  Location     Type
		None
 Return value:  Size  Location     Type
                  1    wreg      void 
 Registers used:
		wreg, status,2
 Tracked objects:
		On entry : 
		On exit  : 
		Unchanged: 
 Data sizes:     COMRAM   BANK0   BANK1   BANK2   BANK3   BANK4   BANK5   BANK6   BANK7   BANK8   BANK9  BANK10  BANK11  BANK12  BANK13  BANK14
      Params:         0       0       0       0       0       0       0       0       0       0       0       0       0       0       0       0
      Locals:         0       0       0       0       0       0       0       0       0       0       0       0       0       0       0       0
      Temps:          0       0       0       0       0       0       0       0       0       0       0       0       0       0       0       0
      Totals:         0       0       0       0       0       0       0       0       0       0       0       0       0       0       0       0
Total ram usage:        0 bytes
 Hardware stack levels used:    1
 This function calls:
		Nothing
 This function is called by:
		_main
		_TMR1_ISR
 This function uses a non-reentrant model



MODULE INFORMATION

Module		Function		Class		Link	Load	Size
C:\Program Files (x86)\Microchip\xc8\v1.42\sources\common\awdiv.c
		___awdiv       		CODE           	64FE	0000	133

C:\Program Files (x86)\Microchip\xc8\v1.42\sources\common\awdiv.c estimated size: 133

mcc_generated_files/interrupt_manager.c
		_INTERRUPT_Initialize		CODE           	69FC	0000	5
		_INTERRUPT_InterruptManager		CODE           	0008	0000	131

mcc_generated_files/interrupt_manager.c estimated size: 136

C:\Program Files (x86)\Microchip\xc8\v1.42\sources\common\fttol.c
		___fttol       		CODE           	5CFE	0000	245

C:\Program Files (x86)\Microchip\xc8\v1.42\sources\common\fttol.c estimated size: 245

mcc_generated_files/pin_manager.c
		_PIN_MANAGER_Initialize		CODE           	67F2	0000	59

mcc_generated_files/pin_manager.c estimated size: 59

C:\Program Files (x86)\Microchip\xc8\v1.42\sources\common\awtoft.c
		___awtoft      		CODE           	6864	0000	57

C:\Program Files (x86)\Microchip\xc8\v1.42\sources\common\awtoft.c estimated size: 57

mcc_generated_files/ecan.c
		_CAN_receive   		CODE           	5736	0000	555
		_ECAN_Initialize		CODE           	5EE4	0000	231
		_convertReg2ExtendedCANid		CODE           	5ABE	0000	329
		_convertReg2StandardCANid		CODE           	6478	0000	135

mcc_generated_files/ecan.c estimated size: 1250

mcc_generated_files/spi.c
		_SPI_Exchange8bit		CODE           	69BE	0000	17
		_SPI_Initialize		CODE           	69CE	0000	15

mcc_generated_files/spi.c estimated size: 32

C:\Program Files (x86)\Microchip\xc8\v1.42\sources\common\strlen.c
		_strlen        		CODE           	66FC	0000	65

C:\Program Files (x86)\Microchip\xc8\v1.42\sources\common\strlen.c estimated size: 65

shared
		__initialization		CODE           	6920	0000	25

shared estimated size: 25

mcc_generated_files/mcc.c
		_OSCILLATOR_Initialize		CODE           	69AC	0000	19
		_SYSTEM_Initialize		CODE           	6978	0000	27

mcc_generated_files/mcc.c estimated size: 46

C:\Program Files (x86)\Microchip\xc8\v1.42\sources\common\float.c
		___ftpack      		CODE           	633C	0000	175

C:\Program Files (x86)\Microchip\xc8\v1.42\sources\common\float.c estimated size: 175

mcc_generated_files/tmr1.c
		_TMR1_Initialize		CODE           	677A	0000	61
		_TMR1_SetInterruptHandler		CODE           	69E6	0000	11
		_TMR1_Reload   		CODE           	69DC	0000	11
		_TMR1_DefaultInterruptHandler		CODE           	6A00	0000	3
		_TMR1_StartTimer		CODE           	69F8	0000	5
		_TMR1_ISR      		CODE           	68D2	0000	41

mcc_generated_files/tmr1.c estimated size: 132

display.c
		_display       		CODE           	6276	0000	199
		_display_tp    		CODE           	5FCA	0000	229
		_display_end   		CODE           	66BA	0000	67
		_display_rpm   		CODE           	0F76	0000	5349
		_display_fuel  		CODE           	4F4C	0000	699
		_display_gear  		CODE           	477C	0000	1259
		_display_speed 		CODE           	60AE	0000	229
		_display_start 		CODE           	673C	0000	63
		_display_oilPress		CODE           	5DF2	0000	243
		_display_labels		CODE           	38FA	0000	3715
		_display_waterTemp		CODE           	5C06	0000	249
		_display_message		CODE           	5960	0000	351
		_display_laptime		CODE           	245A	0000	5281
		_display_oilTemp		CODE           	6192	0000	229
		_display_battery		CODE           	4C66	0000	743

display.c estimated size: 18905

C:\Program Files (x86)\Microchip\xc8\v1.42\sources\common\awmod.c
		___awmod       		CODE           	65FA	0000	113

C:\Program Files (x86)\Microchip\xc8\v1.42\sources\common\awmod.c estimated size: 113

C:\Program Files (x86)\Microchip\xc8\v1.42\sources\common\Umul16.c
		___wmul        		CODE           	68FA	0000	39

C:\Program Files (x86)\Microchip\xc8\v1.42\sources\common\Umul16.c estimated size: 39

main.c
		_refresh       		CODE           	69F0	0000	9
		_main          		CODE           	54A0	0000	663
		_wait2secs     		CODE           	695E	0000	27

main.c estimated size: 699

FT800.c
		_wr8s          		CODE           	63EA	0000	143
		_rd16          		CODE           	666A	0000	81
		_wr8           		CODE           	689C	0000	55
		_cmd_incrementn		CODE           	6942	0000	29
		_wr32          		CODE           	6582	0000	121
		_host_command  		CODE           	6992	0000	27
		_FT800_Init    		CODE           	5206	0000	667
		_wr16          		CODE           	67B6	0000	61
		_cmd           		CODE           	682C	0000	57

FT800.c estimated size: 1241

